commit	Set up job	﻿2026-09-30T08:31:19.1892717Z Current runner version: '2.337.0'
commit	Set up job	2026-09-30T08:31:19.1908806Z ##[group]Runner Image Provisioner
commit	Set up job	2026-09-30T08:31:19.1909418Z Hosted Compute Agent
commit	Set up job	2026-09-30T08:31:19.1909849Z Version: 20260828.587
commit	Set up job	2026-09-30T08:31:19.1910329Z Commit: abac92662cab4cc7352de4f9f9d2e2419aad9c29
commit	Set up job	2026-09-30T08:31:19.1910870Z Build Date: 2026-08-28T16:44:25Z
commit	Set up job	2026-09-30T08:31:19.1911503Z Worker ID: {dfc8dd59-4a48-4844-8942-c5d1464a31cd}
commit	Set up job	2026-09-30T08:31:19.1912027Z Azure Region: westus3
commit	Set up job	2026-09-30T08:31:19.1912422Z ##[endgroup]
commit	Set up job	2026-09-30T08:31:19.1913262Z ##[group]Operating System
commit	Set up job	2026-09-30T08:31:19.1913684Z Ubuntu
commit	Set up job	2026-09-30T08:31:19.1914098Z 24.04.5
commit	Set up job	2026-09-30T08:31:19.1914681Z LTS
commit	Set up job	2026-09-30T08:31:19.1915086Z ##[endgroup]
commit	Set up job	2026-09-30T08:31:19.1915466Z ##[group]Runner Image
commit	Set up job	2026-09-30T08:31:19.1915912Z Image: ubuntu-24.04
commit	Set up job	2026-09-30T08:31:19.1916277Z Version: 20260920.314.1
commit	Set up job	2026-09-30T08:31:19.1916996Z Included Software: https://github.com/actions/runner-images/blob/ubuntu24/20260920.314/images/ubuntu/Ubuntu2404-Readme.md
commit	Set up job	2026-09-30T08:31:19.1918019Z Image Release: https://github.com/actions/runner-images/releases/tag/ubuntu24%2F20260920.314
commit	Set up job	2026-09-30T08:31:19.1918688Z ##[endgroup]
commit	Set up job	2026-09-30T08:31:19.1919474Z ##[group]GITHUB_TOKEN Permissions
commit	Set up job	2026-09-30T08:31:19.1920788Z Contents: read
commit	Set up job	2026-09-30T08:31:19.1921233Z Metadata: read
commit	Set up job	2026-09-30T08:31:19.1921588Z ##[endgroup]
commit	Set up job	2026-09-30T08:31:19.1922910Z Secret source: Actions
commit	Set up job	2026-09-30T08:31:19.1923515Z Cache mode: write
commit	Set up job	2026-09-30T08:31:19.1924051Z Prepare workflow directory
commit	Set up job	2026-09-30T08:31:19.2112079Z Prepare all required actions
commit	Set up job	2026-09-30T08:31:19.2141810Z Getting action download info
commit	Set up job	2026-09-30T08:31:19.5146869Z Download action repository 'actions/checkout@11bd71901bbe5b1630ceea73d27597364c9af683' (SHA:11bd71901bbe5b1630ceea73d27597364c9af683)
commit	Set up job	2026-09-30T08:31:19.8417439Z Download action repository 'astral-sh/setup-uv@887a942a15af3a7626099df99e897a18d9e5ab3a' (SHA:887a942a15af3a7626099df99e897a18d9e5ab3a)
commit	Set up job	2026-09-30T08:31:21.0798209Z Complete job name: commit
commit	Checkout repository	﻿2026-09-30T08:31:21.1829035Z ##[group]Run actions/checkout@11bd71901bbe5b1630ceea73d27597364c9af683
commit	Checkout repository	2026-09-30T08:31:21.1829737Z with:
commit	Checkout repository	2026-09-30T08:31:21.1830062Z   fetch-depth: 1
commit	Checkout repository	2026-09-30T08:31:21.1830490Z   repository: FATESAIKOU/MyAiStorage
commit	Checkout repository	2026-09-30T08:31:21.1832552Z   token: ***
commit	Checkout repository	2026-09-30T08:31:21.1832934Z   ssh-strict: true
commit	Checkout repository	2026-09-30T08:31:21.1833300Z   ssh-user: git
commit	Checkout repository	2026-09-30T08:31:21.1833655Z   persist-credentials: true
commit	Checkout repository	2026-09-30T08:31:21.1834080Z   clean: true
commit	Checkout repository	2026-09-30T08:31:21.1834629Z   sparse-checkout-cone-mode: true
commit	Checkout repository	2026-09-30T08:31:21.1835046Z   fetch-tags: false
commit	Checkout repository	2026-09-30T08:31:21.1835438Z   show-progress: true
commit	Checkout repository	2026-09-30T08:31:21.1835829Z   lfs: false
commit	Checkout repository	2026-09-30T08:31:21.1836169Z   submodules: false
commit	Checkout repository	2026-09-30T08:31:21.1836549Z   set-safe-directory: true
commit	Checkout repository	2026-09-30T08:31:21.1837053Z ##[endgroup]
commit	Checkout repository	2026-09-30T08:31:21.2447968Z Syncing repository: FATESAIKOU/MyAiStorage
commit	Checkout repository	2026-09-30T08:31:21.2449661Z ##[group]Getting Git version info
commit	Checkout repository	2026-09-30T08:31:21.2450507Z Working directory is '/home/runner/work/MyAiStorage/MyAiStorage'
commit	Checkout repository	2026-09-30T08:31:21.2451878Z [command]/usr/bin/git version
commit	Checkout repository	2026-09-30T08:31:21.2493947Z git version 2.55.0
commit	Checkout repository	2026-09-30T08:31:21.2505084Z ##[endgroup]
commit	Checkout repository	2026-09-30T08:31:21.2512837Z Temporarily overriding HOME='/home/runner/work/_temp/11df9377-1cd9-48a1-91c5-6bbef18d53b3' before making global git config changes
commit	Checkout repository	2026-09-30T08:31:21.2514928Z Adding repository directory to the temporary git global config as a safe directory
commit	Checkout repository	2026-09-30T08:31:21.2516403Z [command]/usr/bin/git config --global --add safe.directory /home/runner/work/MyAiStorage/MyAiStorage
commit	Checkout repository	2026-09-30T08:31:21.2938254Z Deleting the contents of '/home/runner/work/MyAiStorage/MyAiStorage'
commit	Checkout repository	2026-09-30T08:31:21.2940946Z ##[group]Initializing the repository
commit	Checkout repository	2026-09-30T08:31:21.2943885Z [command]/usr/bin/git init /home/runner/work/MyAiStorage/MyAiStorage
commit	Checkout repository	2026-09-30T08:31:21.4237488Z hint: Using 'master' as the name for the initial branch. This default branch name
commit	Checkout repository	2026-09-30T08:31:21.4238519Z hint: will change to "main" in Git 3.0. To configure the initial branch name
commit	Checkout repository	2026-09-30T08:31:21.4239542Z hint: to use in all of your new repositories, which will suppress this warning,
commit	Checkout repository	2026-09-30T08:31:21.4240016Z hint: call:
commit	Checkout repository	2026-09-30T08:31:21.4240276Z hint:
commit	Checkout repository	2026-09-30T08:31:21.4240604Z hint: 	git config --global init.defaultBranch <name>
commit	Checkout repository	2026-09-30T08:31:21.4241129Z hint:
commit	Checkout repository	2026-09-30T08:31:21.4241640Z hint: Names commonly chosen instead of 'master' are 'main', 'trunk' and
commit	Checkout repository	2026-09-30T08:31:21.4242428Z hint: 'development'. The just-created branch can be renamed via this command:
commit	Checkout repository	2026-09-30T08:31:21.4243073Z hint:
commit	Checkout repository	2026-09-30T08:31:21.4243446Z hint: 	git branch -m <name>
commit	Checkout repository	2026-09-30T08:31:21.4243784Z hint:
commit	Checkout repository	2026-09-30T08:31:21.4244285Z hint: Disable this message with "git config set advice.defaultBranchName false"
commit	Checkout repository	2026-09-30T08:31:21.4244912Z Initialized empty Git repository in /home/runner/work/MyAiStorage/MyAiStorage/.git/
commit	Checkout repository	2026-09-30T08:31:21.4249348Z [command]/usr/bin/git remote add origin https://github.com/FATESAIKOU/MyAiStorage
commit	Checkout repository	2026-09-30T08:31:21.4326155Z ##[endgroup]
commit	Checkout repository	2026-09-30T08:31:21.4327069Z ##[group]Disabling automatic garbage collection
commit	Checkout repository	2026-09-30T08:31:21.4328534Z [command]/usr/bin/git config --local gc.auto 0
commit	Checkout repository	2026-09-30T08:31:21.4352948Z ##[endgroup]
commit	Checkout repository	2026-09-30T08:31:21.4353652Z ##[group]Setting up auth
commit	Checkout repository	2026-09-30T08:31:21.4357538Z [command]/usr/bin/git config --local --name-only --get-regexp core\.sshCommand
commit	Checkout repository	2026-09-30T08:31:21.4378833Z [command]/usr/bin/git submodule foreach --recursive sh -c "git config --local --name-only --get-regexp 'core\.sshCommand' && git config --local --unset-all 'core.sshCommand' || :"
commit	Checkout repository	2026-09-30T08:31:21.4676268Z [command]/usr/bin/git config --local --name-only --get-regexp http\.https\:\/\/github\.com\/\.extraheader
commit	Checkout repository	2026-09-30T08:31:21.4697349Z [command]/usr/bin/git submodule foreach --recursive sh -c "git config --local --name-only --get-regexp 'http\.https\:\/\/github\.com\/\.extraheader' && git config --local --unset-all 'http.https://github.com/.extraheader' || :"
commit	Checkout repository	2026-09-30T08:31:21.4871232Z [command]/usr/bin/git config --local http.https://github.com/.extraheader AUTHORIZATION: basic ***
commit	Checkout repository	2026-09-30T08:31:21.4930347Z ##[endgroup]
commit	Checkout repository	2026-09-30T08:31:21.4931083Z ##[group]Fetching the repository
commit	Checkout repository	2026-09-30T08:31:21.4936472Z [command]/usr/bin/git -c protocol.version=2 fetch --no-tags --prune --no-recurse-submodules --depth=1 origin +41b2d5720fc346e105cb237f44495b42a19ccf6e:refs/remotes/origin/main
commit	Checkout repository	2026-09-30T08:31:22.8055252Z From https://github.com/FATESAIKOU/MyAiStorage
commit	Checkout repository	2026-09-30T08:31:22.8056619Z  * [new ref]         41b2d5720fc346e105cb237f44495b42a19ccf6e -> origin/main
commit	Checkout repository	2026-09-30T08:31:22.8065076Z ##[endgroup]
commit	Checkout repository	2026-09-30T08:31:22.8065450Z ##[group]Determining the checkout info
commit	Checkout repository	2026-09-30T08:31:22.8065799Z ##[endgroup]
commit	Checkout repository	2026-09-30T08:31:22.8066038Z [command]/usr/bin/git sparse-checkout disable
commit	Checkout repository	2026-09-30T08:31:22.8286702Z [command]/usr/bin/git config --local --unset-all extensions.worktreeConfig
commit	Checkout repository	2026-09-30T08:31:22.8696036Z ##[group]Checking out the ref
commit	Checkout repository	2026-09-30T08:31:22.8696782Z [command]/usr/bin/git checkout --progress --force -B main refs/remotes/origin/main
commit	Checkout repository	2026-09-30T08:31:22.9186180Z Switched to a new branch 'main'
commit	Checkout repository	2026-09-30T08:31:22.9188977Z branch 'main' set up to track 'origin/main'.
commit	Checkout repository	2026-09-30T08:31:22.9194522Z ##[endgroup]
commit	Checkout repository	2026-09-30T08:31:22.9222477Z [command]/usr/bin/git log -1 --format=%H
commit	Checkout repository	2026-09-30T08:31:22.9240327Z 41b2d5720fc346e105cb237f44495b42a19ccf6e
commit	guard	﻿2026-09-30T08:31:22.9498097Z ##[group]Run if [ "$GITHUB_REF" != "refs/heads/main" ]; then
commit	guard	2026-09-30T08:31:22.9498608Z ^[[36;1mif [ "$GITHUB_REF" != "refs/heads/main" ]; then^[[0m
commit	guard	2026-09-30T08:31:22.9498995Z ^[[36;1m  echo "Ref $GITHUB_REF is not refs/heads/main" >&2^[[0m
commit	guard	2026-09-30T08:31:22.9499337Z ^[[36;1m  exit 1^[[0m
commit	guard	2026-09-30T08:31:22.9499571Z ^[[36;1mfi^[[0m
commit	guard	2026-09-30T08:31:22.9500164Z ^[[36;1mREMOTE_SHA=$(curl -s -H "Authorization: ***" \^[[0m
commit	guard	2026-09-30T08:31:22.9500550Z ^[[36;1m  -H "Accept: application/vnd.github.v3+json" \^[[0m
commit	guard	2026-09-30T08:31:22.9501018Z ^[[36;1m  "https://api.github.com/repos/${GITHUB_REPOSITORY}/commits/main" | jq -r .sha)^[[0m
commit	guard	2026-09-30T08:31:22.9501718Z ^[[36;1mif [ -z "$REMOTE_SHA" ] || [ "$REMOTE_SHA" = "null" ]; then^[[0m
commit	guard	2026-09-30T08:31:22.9502106Z ^[[36;1m  echo "Failed to fetch remote main HEAD" >&2^[[0m
commit	guard	2026-09-30T08:31:22.9502422Z ^[[36;1m  exit 1^[[0m
commit	guard	2026-09-30T08:31:22.9502657Z ^[[36;1mfi^[[0m
commit	guard	2026-09-30T08:31:22.9502917Z ^[[36;1mif [ "$GITHUB_SHA" != "$REMOTE_SHA" ]; then^[[0m
commit	guard	2026-09-30T08:31:22.9503333Z ^[[36;1m  echo "Run sha $GITHUB_SHA does not match remote main HEAD $REMOTE_SHA" >&2^[[0m
commit	guard	2026-09-30T08:31:22.9503754Z ^[[36;1m  exit 1^[[0m
commit	guard	2026-09-30T08:31:22.9504003Z ^[[36;1mfi^[[0m
commit	guard	2026-09-30T08:31:22.9915884Z shell: /usr/bin/bash -e {0}
commit	guard	2026-09-30T08:31:22.9916102Z env:
commit	guard	2026-09-30T08:31:22.9917497Z   GITHUB_TOKEN: ***
commit	guard	2026-09-30T08:31:22.9917669Z ##[endgroup]
commit	setup-uv	﻿2026-09-30T08:31:23.6092888Z ##[group]Run astral-sh/setup-uv@887a942a15af3a7626099df99e897a18d9e5ab3a
commit	setup-uv	2026-09-30T08:31:23.6093117Z with:
commit	setup-uv	2026-09-30T08:31:23.6093237Z   enable-cache: true
commit	setup-uv	2026-09-30T08:31:23.6093386Z   cache-dependency-glob: pyproject.toml
commit	setup-uv	2026-09-30T08:31:23.6093557Z   version: latest
commit	setup-uv	2026-09-30T08:31:23.6094926Z   github-token: ***
commit	setup-uv	2026-09-30T08:31:23.6095051Z   prune-cache: true
commit	setup-uv	2026-09-30T08:31:23.6095182Z   ignore-nothing-to-cache: false
commit	setup-uv	2026-09-30T08:31:23.6095362Z ##[endgroup]
commit	setup-uv	2026-09-30T08:31:23.6930552Z (node:1996) [DEP0040] DeprecationWarning: The `punycode` module is deprecated. Please use a userland alternative instead.
commit	setup-uv	2026-09-30T08:31:23.6931106Z (Use `node --trace-deprecation ...` to show where the warning was created)
commit	setup-uv	2026-09-30T08:31:24.2003906Z Downloading uv from "https://github.com/astral-sh/uv/releases/download/0.12.21/uv-x86_64-unknown-linux-gnu.tar.gz" ...
commit	setup-uv	2026-09-30T08:31:24.6038947Z [command]/usr/bin/tar xz --warning=no-unknown-keyword --overwrite -C /home/runner/work/_temp/98d095fa-5a2a-4638-9edf-98394c2ad7f8 -f /home/runner/work/_temp/e098494b-0bf7-4590-a3bc-eaba081676a6
commit	setup-uv	2026-09-30T08:31:25.1628938Z Added /opt/hostedtoolcache/uv/0.12.21/x86_64 to the path
commit	setup-uv	2026-09-30T08:31:25.1629737Z Added /home/runner/.local/bin to the path
commit	setup-uv	2026-09-30T08:31:25.1647588Z Set UV_CACHE_DIR to /home/runner/work/_temp/setup-uv-cache
commit	setup-uv	2026-09-30T08:31:25.1648137Z Successfully installed uv version 0.12.21
commit	setup-uv	2026-09-30T08:31:25.1648707Z Searching files using cache dependency glob: pyproject.toml
commit	setup-uv	2026-09-30T08:31:25.1660401Z /home/runner/work/MyAiStorage/MyAiStorage/pyproject.toml
commit	setup-uv	2026-09-30T08:31:25.1670224Z Found 1 files to hash.
commit	setup-uv	2026-09-30T08:31:25.2115346Z Trying to restore uv cache from GitHub Actions cache with key: setup-uv-1-x86_64-unknown-linux-gnu-3.12.3-f3bc98fc2c92d885ea043a19327f8989317d0c16055f21df2a08c64d6c6faf66
commit	setup-uv	2026-09-30T08:31:25.4229820Z ##[warning]Cache not found for keys: setup-uv-1-x86_64-unknown-linux-gnu-3.12.3-f3bc98fc2c92d885ea043a19327f8989317d0c16055f21df2a08c64d6c6faf66
commit	setup-uv	2026-09-30T08:31:25.4234900Z No GitHub Actions cache found for key: setup-uv-1-x86_64-unknown-linux-gnu-3.12.3-f3bc98fc2c92d885ea043a19327f8989317d0c16055f21df2a08c64d6c6faf66
commit	secrets-to-rclone	﻿2026-09-30T08:31:25.4333689Z ##[group]Run mkdir -p "$RUNNER_TEMP"
commit	secrets-to-rclone	2026-09-30T08:31:25.4333890Z ^[[36;1mmkdir -p "$RUNNER_TEMP"^[[0m
commit	secrets-to-rclone	2026-09-30T08:31:25.4334088Z ^[[36;1mecho "$RCLONE_CONF" > "$RUNNER_TEMP/rclone.conf"^[[0m
commit	secrets-to-rclone	2026-09-30T08:31:25.4334480Z ^[[36;1mchmod 600 "$RUNNER_TEMP/rclone.conf"^[[0m
commit	secrets-to-rclone	2026-09-30T08:31:25.4385325Z shell: /usr/bin/bash -e {0}
commit	secrets-to-rclone	2026-09-30T08:31:25.4385477Z env:
commit	secrets-to-rclone	2026-09-30T08:31:25.4385628Z   UV_CACHE_DIR: /home/runner/work/_temp/setup-uv-cache
commit	secrets-to-rclone	2026-09-30T08:31:25.4385808Z   RCLONE_CONF: 
commit	secrets-to-rclone	2026-09-30T08:31:25.4385933Z ##[endgroup]
commit	inbox-prescan	﻿2026-09-30T08:31:25.4491896Z ##[group]Run # 讀不到收件匣必須讓整個 job 失敗（不可 || true），否則錯誤會被掩蓋
commit	inbox-prescan	2026-09-30T08:31:25.4492121Z ^[[36;1m# 讀不到收件匣必須讓整個 job 失敗（不可 || true），否則錯誤會被掩蓋^[[0m
commit	inbox-prescan	2026-09-30T08:31:25.4492396Z ^[[36;1mRESULT=$(uv run python -m aistorage.committer prescan --config config/committer.json)^[[0m
commit	inbox-prescan	2026-09-30T08:31:25.4492659Z ^[[36;1mecho "shaped=$RESULT" >> "$GITHUB_OUTPUT"^[[0m
commit	inbox-prescan	2026-09-30T08:31:25.4492832Z ^[[36;1mecho "形狀符合的收件匣項目數: $RESULT"^[[0m
commit	inbox-prescan	2026-09-30T08:31:25.4533963Z shell: /usr/bin/bash -e {0}
commit	inbox-prescan	2026-09-30T08:31:25.4534108Z env:
commit	inbox-prescan	2026-09-30T08:31:25.4534397Z   UV_CACHE_DIR: /home/runner/work/_temp/setup-uv-cache
commit	inbox-prescan	2026-09-30T08:31:25.4534743Z   AISTORAGE_RCLONE_CONF: /home/runner/work/_temp/rclone.conf
commit	inbox-prescan	2026-09-30T08:31:25.4534928Z ##[endgroup]
commit	inbox-prescan	2026-09-30T08:31:25.4650688Z Using CPython 3.12.3 interpreter at: /usr/bin/python3
commit	inbox-prescan	2026-09-30T08:31:25.4651036Z Creating virtual environment at: .venv
commit	inbox-prescan	2026-09-30T08:31:25.4678131Z    Building aistorage @ file:///home/runner/work/MyAiStorage/MyAiStorage
commit	inbox-prescan	2026-09-30T08:31:25.5231137Z Downloading cryptography (4.5MiB)
commit	inbox-prescan	2026-09-30T08:31:25.6301564Z  Downloaded cryptography
commit	inbox-prescan	2026-09-30T08:31:25.8347249Z       Built aistorage @ file:///home/runner/work/MyAiStorage/MyAiStorage
commit	inbox-prescan	2026-09-30T08:31:25.8460124Z Installed 10 packages in 8ms
commit	inbox-prescan	2026-09-30T08:31:26.0882974Z Traceback (most recent call last):
commit	inbox-prescan	2026-09-30T08:31:26.0887059Z   File "<frozen runpy>", line 198, in _run_module_as_main
commit	inbox-prescan	2026-09-30T08:31:26.0887371Z   File "<frozen runpy>", line 88, in _run_code
commit	inbox-prescan	2026-09-30T08:31:26.0887700Z   File "/home/runner/work/MyAiStorage/MyAiStorage/src/aistorage/committer/__main__.py", line 247, in <module>
commit	inbox-prescan	2026-09-30T08:31:26.0888020Z     sys.exit(main())
commit	inbox-prescan	2026-09-30T08:31:26.0888181Z              ^^^^^^
commit	inbox-prescan	2026-09-30T08:31:26.0888457Z   File "/home/runner/work/MyAiStorage/MyAiStorage/src/aistorage/committer/__main__.py", line 186, in main
commit	inbox-prescan	2026-09-30T08:31:26.0888740Z     deps = build_prescan_deps(cfg)
commit	inbox-prescan	2026-09-30T08:31:26.0888896Z            ^^^^^^^^^^^^^^^^^^^^^^^
commit	inbox-prescan	2026-09-30T08:31:26.0889196Z   File "/home/runner/work/MyAiStorage/MyAiStorage/src/aistorage/committer/__main__.py", line 47, in build_prescan_deps
commit	inbox-prescan	2026-09-30T08:31:26.0889530Z     token_src = RcloneConfToken(cfg.rclone_conf_path)
commit	inbox-prescan	2026-09-30T08:31:26.0889720Z                 ^^^^^^^^^^^^^^^^^^^^^^^^^^^^^^^^^^^^^
commit	inbox-prescan	2026-09-30T08:31:26.0890003Z   File "/home/runner/work/MyAiStorage/MyAiStorage/src/aistorage/drive/auth.py", line 36, in __init__
commit	inbox-prescan	2026-09-30T08:31:26.0890269Z     self._load_conf()
commit	inbox-prescan	2026-09-30T08:31:26.0890519Z   File "/home/runner/work/MyAiStorage/MyAiStorage/src/aistorage/drive/auth.py", line 53, in _load_conf
commit	inbox-prescan	2026-09-30T08:31:26.0891131Z     raise ReadError(f"rclone 設定檔中找不到 remote 區段: [{self._remote}]")
commit	inbox-prescan	2026-09-30T08:31:26.0891416Z aistorage.errors.ReadError: rclone 設定檔中找不到 remote 區段: [gdrive]
commit	inbox-prescan	2026-09-30T08:31:26.1097442Z ##[error]Process completed with exit code 1.
commit	Post Checkout repository	﻿2026-09-30T08:31:26.1213564Z Post job cleanup.
commit	Post Checkout repository	2026-09-30T08:31:26.1703003Z [command]/usr/bin/git version
commit	Post Checkout repository	2026-09-30T08:31:26.1727944Z git version 2.55.0
commit	Post Checkout repository	2026-09-30T08:31:26.1748194Z Temporarily overriding HOME='/home/runner/work/_temp/44719afc-c624-48e0-bba3-8b6d8bb3978c' before making global git config changes
commit	Post Checkout repository	2026-09-30T08:31:26.1748835Z Adding repository directory to the temporary git global config as a safe directory
commit	Post Checkout repository	2026-09-30T08:31:26.1750863Z [command]/usr/bin/git config --global --add safe.directory /home/runner/work/MyAiStorage/MyAiStorage
commit	Post Checkout repository	2026-09-30T08:31:26.1776212Z [command]/usr/bin/git config --local --name-only --get-regexp core\.sshCommand
commit	Post Checkout repository	2026-09-30T08:31:26.1797924Z [command]/usr/bin/git submodule foreach --recursive sh -c "git config --local --name-only --get-regexp 'core\.sshCommand' && git config --local --unset-all 'core.sshCommand' || :"
commit	Post Checkout repository	2026-09-30T08:31:26.1956878Z [command]/usr/bin/git config --local --name-only --get-regexp http\.https\:\/\/github\.com\/\.extraheader
commit	Post Checkout repository	2026-09-30T08:31:26.1975547Z http.https://github.com/.extraheader
commit	Post Checkout repository	2026-09-30T08:31:26.1981648Z [command]/usr/bin/git config --local --unset-all http.https://github.com/.extraheader
commit	Post Checkout repository	2026-09-30T08:31:26.2004621Z [command]/usr/bin/git submodule foreach --recursive sh -c "git config --local --name-only --get-regexp 'http\.https\:\/\/github\.com\/\.extraheader' && git config --local --unset-all 'http.https://github.com/.extraheader' || :"
commit	Complete job	﻿2026-09-30T08:31:26.2303845Z Cleaning up orphan processes
commit	Complete job	2026-09-30T08:31:26.2474481Z ##[warning]Node.js 20 is deprecated. The following actions target Node.js 20 but are being forced to run on Node.js 24: actions/checkout@11bd71901bbe5b1630ceea73d27597364c9af683, astral-sh/setup-uv@887a942a15af3a7626099df99e897a18d9e5ab3a. For more information see: https://github.blog/changelog/2025-09-19-deprecation-of-node-20-on-github-actions-runners/
