commit	Set up job	﻿2026-09-30T08:35:03.5961873Z Current runner version: '2.337.0'
commit	Set up job	2026-09-30T08:35:03.5983689Z ##[group]Runner Image Provisioner
commit	Set up job	2026-09-30T08:35:03.5984740Z Hosted Compute Agent
commit	Set up job	2026-09-30T08:35:03.5985389Z Version: 20260828.587
commit	Set up job	2026-09-30T08:35:03.5986003Z Commit: abac92662cab4cc7352de4f9f9d2e2419aad9c29
commit	Set up job	2026-09-30T08:35:03.5986746Z Build Date: 2026-08-28T16:44:25Z
commit	Set up job	2026-09-30T08:35:03.5987416Z Worker ID: {a8643ffe-1321-4685-ba2a-207b7cc810c9}
commit	Set up job	2026-09-30T08:35:03.5988343Z Azure Region: centralus
commit	Set up job	2026-09-30T08:35:03.5988942Z ##[endgroup]
commit	Set up job	2026-09-30T08:35:03.5990310Z ##[group]Operating System
commit	Set up job	2026-09-30T08:35:03.5990914Z Ubuntu
commit	Set up job	2026-09-30T08:35:03.5991411Z 24.04.5
commit	Set up job	2026-09-30T08:35:03.5991938Z LTS
commit	Set up job	2026-09-30T08:35:03.5992468Z ##[endgroup]
commit	Set up job	2026-09-30T08:35:03.5993029Z ##[group]Runner Image
commit	Set up job	2026-09-30T08:35:03.5993942Z Image: ubuntu-24.04
commit	Set up job	2026-09-30T08:35:03.5994616Z Version: 20260920.314.1
commit	Set up job	2026-09-30T08:35:03.5995592Z Included Software: https://github.com/actions/runner-images/blob/ubuntu24/20260920.314/images/ubuntu/Ubuntu2404-Readme.md
commit	Set up job	2026-09-30T08:35:03.5997182Z Image Release: https://github.com/actions/runner-images/releases/tag/ubuntu24%2F20260920.314
commit	Set up job	2026-09-30T08:35:03.5998103Z ##[endgroup]
commit	Set up job	2026-09-30T08:35:03.5999123Z ##[group]GITHUB_TOKEN Permissions
commit	Set up job	2026-09-30T08:35:03.6001203Z Contents: read
commit	Set up job	2026-09-30T08:35:03.6001767Z Metadata: read
commit	Set up job	2026-09-30T08:35:03.6002341Z ##[endgroup]
commit	Set up job	2026-09-30T08:35:03.6004251Z Secret source: Actions
commit	Set up job	2026-09-30T08:35:03.6005170Z Cache mode: write
commit	Set up job	2026-09-30T08:35:03.6005853Z Prepare workflow directory
commit	Set up job	2026-09-30T08:35:03.6668448Z Prepare all required actions
commit	Set up job	2026-09-30T08:35:03.6710655Z Getting action download info
commit	Set up job	2026-09-30T08:35:03.9391802Z Download action repository 'actions/checkout@11bd71901bbe5b1630ceea73d27597364c9af683' (SHA:11bd71901bbe5b1630ceea73d27597364c9af683)
commit	Set up job	2026-09-30T08:35:04.2445493Z Download action repository 'astral-sh/setup-uv@887a942a15af3a7626099df99e897a18d9e5ab3a' (SHA:887a942a15af3a7626099df99e897a18d9e5ab3a)
commit	Set up job	2026-09-30T08:35:04.9972647Z Complete job name: commit
commit	Checkout repository	﻿2026-09-30T08:35:05.0596074Z ##[group]Run actions/checkout@11bd71901bbe5b1630ceea73d27597364c9af683
commit	Checkout repository	2026-09-30T08:35:05.0597238Z with:
commit	Checkout repository	2026-09-30T08:35:05.0597767Z   fetch-depth: 1
commit	Checkout repository	2026-09-30T08:35:05.0598416Z   repository: FATESAIKOU/MyAiStorage
commit	Checkout repository	2026-09-30T08:35:05.0602436Z   token: ***
commit	Checkout repository	2026-09-30T08:35:05.0603014Z   ssh-strict: true
commit	Checkout repository	2026-09-30T08:35:05.0603967Z   ssh-user: git
commit	Checkout repository	2026-09-30T08:35:05.0604592Z   persist-credentials: true
commit	Checkout repository	2026-09-30T08:35:05.0605208Z   clean: true
commit	Checkout repository	2026-09-30T08:35:05.0605808Z   sparse-checkout-cone-mode: true
commit	Checkout repository	2026-09-30T08:35:05.0606456Z   fetch-tags: false
commit	Checkout repository	2026-09-30T08:35:05.0606994Z   show-progress: true
commit	Checkout repository	2026-09-30T08:35:05.0607593Z   lfs: false
commit	Checkout repository	2026-09-30T08:35:05.0608137Z   submodules: false
commit	Checkout repository	2026-09-30T08:35:05.0608714Z   set-safe-directory: true
commit	Checkout repository	2026-09-30T08:35:05.0609512Z ##[endgroup]
commit	Checkout repository	2026-09-30T08:35:05.1438132Z Syncing repository: FATESAIKOU/MyAiStorage
commit	Checkout repository	2026-09-30T08:35:05.1440021Z ##[group]Getting Git version info
commit	Checkout repository	2026-09-30T08:35:05.1440903Z Working directory is '/home/runner/work/MyAiStorage/MyAiStorage'
commit	Checkout repository	2026-09-30T08:35:05.1442322Z [command]/usr/bin/git version
commit	Checkout repository	2026-09-30T08:35:05.1467491Z git version 2.55.0
commit	Checkout repository	2026-09-30T08:35:05.1483192Z ##[endgroup]
commit	Checkout repository	2026-09-30T08:35:05.1494796Z Temporarily overriding HOME='/home/runner/work/_temp/1ff4bf24-a6cb-454e-86b5-d56f4b028517' before making global git config changes
commit	Checkout repository	2026-09-30T08:35:05.1497083Z Adding repository directory to the temporary git global config as a safe directory
commit	Checkout repository	2026-09-30T08:35:05.1499141Z [command]/usr/bin/git config --global --add safe.directory /home/runner/work/MyAiStorage/MyAiStorage
commit	Checkout repository	2026-09-30T08:35:05.1532964Z Deleting the contents of '/home/runner/work/MyAiStorage/MyAiStorage'
commit	Checkout repository	2026-09-30T08:35:05.1536087Z ##[group]Initializing the repository
commit	Checkout repository	2026-09-30T08:35:05.1540410Z [command]/usr/bin/git init /home/runner/work/MyAiStorage/MyAiStorage
commit	Checkout repository	2026-09-30T08:35:05.1604181Z hint: Using 'master' as the name for the initial branch. This default branch name
commit	Checkout repository	2026-09-30T08:35:05.1610523Z hint: will change to "main" in Git 3.0. To configure the initial branch name
commit	Checkout repository	2026-09-30T08:35:05.1615547Z hint: to use in all of your new repositories, which will suppress this warning,
commit	Checkout repository	2026-09-30T08:35:05.1616632Z hint: call:
commit	Checkout repository	2026-09-30T08:35:05.1617258Z hint:
commit	Checkout repository	2026-09-30T08:35:05.1617888Z hint: 	git config --global init.defaultBranch <name>
commit	Checkout repository	2026-09-30T08:35:05.1618843Z hint:
commit	Checkout repository	2026-09-30T08:35:05.1619889Z hint: Names commonly chosen instead of 'master' are 'main', 'trunk' and
commit	Checkout repository	2026-09-30T08:35:05.1621205Z hint: 'development'. The just-created branch can be renamed via this command:
commit	Checkout repository	2026-09-30T08:35:05.1622053Z hint:
commit	Checkout repository	2026-09-30T08:35:05.1622616Z hint: 	git branch -m <name>
commit	Checkout repository	2026-09-30T08:35:05.1623230Z hint:
commit	Checkout repository	2026-09-30T08:35:05.1624276Z hint: Disable this message with "git config set advice.defaultBranchName false"
commit	Checkout repository	2026-09-30T08:35:05.1625482Z Initialized empty Git repository in /home/runner/work/MyAiStorage/MyAiStorage/.git/
commit	Checkout repository	2026-09-30T08:35:05.1627474Z [command]/usr/bin/git remote add origin https://github.com/FATESAIKOU/MyAiStorage
commit	Checkout repository	2026-09-30T08:35:05.1644685Z ##[endgroup]
commit	Checkout repository	2026-09-30T08:35:05.1646130Z ##[group]Disabling automatic garbage collection
commit	Checkout repository	2026-09-30T08:35:05.1647357Z [command]/usr/bin/git config --local gc.auto 0
commit	Checkout repository	2026-09-30T08:35:05.1670746Z ##[endgroup]
commit	Checkout repository	2026-09-30T08:35:05.1672470Z ##[group]Setting up auth
commit	Checkout repository	2026-09-30T08:35:05.1676953Z [command]/usr/bin/git config --local --name-only --get-regexp core\.sshCommand
commit	Checkout repository	2026-09-30T08:35:05.1700326Z [command]/usr/bin/git submodule foreach --recursive sh -c "git config --local --name-only --get-regexp 'core\.sshCommand' && git config --local --unset-all 'core.sshCommand' || :"
commit	Checkout repository	2026-09-30T08:35:05.1934230Z [command]/usr/bin/git config --local --name-only --get-regexp http\.https\:\/\/github\.com\/\.extraheader
commit	Checkout repository	2026-09-30T08:35:05.1957178Z [command]/usr/bin/git submodule foreach --recursive sh -c "git config --local --name-only --get-regexp 'http\.https\:\/\/github\.com\/\.extraheader' && git config --local --unset-all 'http.https://github.com/.extraheader' || :"
commit	Checkout repository	2026-09-30T08:35:05.2109174Z [command]/usr/bin/git config --local http.https://github.com/.extraheader AUTHORIZATION: basic ***
commit	Checkout repository	2026-09-30T08:35:05.2137351Z ##[endgroup]
commit	Checkout repository	2026-09-30T08:35:05.2138369Z ##[group]Fetching the repository
commit	Checkout repository	2026-09-30T08:35:05.2144857Z [command]/usr/bin/git -c protocol.version=2 fetch --no-tags --prune --no-recurse-submodules --depth=1 origin +22bd860b7451646e5b3e169e341ee62767cbc14c:refs/remotes/origin/phase1-spike
commit	Checkout repository	2026-09-30T08:35:06.0653018Z From https://github.com/FATESAIKOU/MyAiStorage
commit	Checkout repository	2026-09-30T08:35:06.0655694Z  * [new ref]         22bd860b7451646e5b3e169e341ee62767cbc14c -> origin/phase1-spike
commit	Checkout repository	2026-09-30T08:35:06.0660714Z ##[endgroup]
commit	Checkout repository	2026-09-30T08:35:06.0662570Z ##[group]Determining the checkout info
commit	Checkout repository	2026-09-30T08:35:06.0664972Z ##[endgroup]
commit	Checkout repository	2026-09-30T08:35:06.0666039Z [command]/usr/bin/git sparse-checkout disable
commit	Checkout repository	2026-09-30T08:35:06.0703604Z [command]/usr/bin/git config --local --unset-all extensions.worktreeConfig
commit	Checkout repository	2026-09-30T08:35:06.0726609Z ##[group]Checking out the ref
commit	Checkout repository	2026-09-30T08:35:06.0728856Z [command]/usr/bin/git checkout --progress --force -B phase1-spike refs/remotes/origin/phase1-spike
commit	Checkout repository	2026-09-30T08:35:06.1128172Z Switched to a new branch 'phase1-spike'
commit	Checkout repository	2026-09-30T08:35:06.1131537Z branch 'phase1-spike' set up to track 'origin/phase1-spike'.
commit	Checkout repository	2026-09-30T08:35:06.1137250Z ##[endgroup]
commit	Checkout repository	2026-09-30T08:35:06.1163581Z [command]/usr/bin/git log -1 --format=%H
commit	Checkout repository	2026-09-30T08:35:06.1188276Z 22bd860b7451646e5b3e169e341ee62767cbc14c
commit	guard	﻿2026-09-30T08:35:06.1408758Z ##[group]Run if [ "$GITHUB_REF" != "refs/heads/main" ]; then
commit	guard	2026-09-30T08:35:06.1410745Z ^[[36;1mif [ "$GITHUB_REF" != "refs/heads/main" ]; then^[[0m
commit	guard	2026-09-30T08:35:06.1412544Z ^[[36;1m  echo "Ref $GITHUB_REF is not refs/heads/main" >&2^[[0m
commit	guard	2026-09-30T08:35:06.1414266Z ^[[36;1m  exit 1^[[0m
commit	guard	2026-09-30T08:35:06.1415407Z ^[[36;1mfi^[[0m
commit	guard	2026-09-30T08:35:06.1417176Z ^[[36;1mREMOTE_SHA=$(curl -s -H "Authorization: ***" \^[[0m
commit	guard	2026-09-30T08:35:06.1418944Z ^[[36;1m  -H "Accept: application/vnd.github.v3+json" \^[[0m
commit	guard	2026-09-30T08:35:06.1421108Z ^[[36;1m  "https://api.github.com/repos/${GITHUB_REPOSITORY}/commits/main" | jq -r .sha)^[[0m
commit	guard	2026-09-30T08:35:06.1423607Z ^[[36;1mif [ -z "$REMOTE_SHA" ] || [ "$REMOTE_SHA" = "null" ]; then^[[0m
commit	guard	2026-09-30T08:35:06.1425440Z ^[[36;1m  echo "Failed to fetch remote main HEAD" >&2^[[0m
commit	guard	2026-09-30T08:35:06.1426980Z ^[[36;1m  exit 1^[[0m
commit	guard	2026-09-30T08:35:06.1428126Z ^[[36;1mfi^[[0m
commit	guard	2026-09-30T08:35:06.1429325Z ^[[36;1mif [ "$GITHUB_SHA" != "$REMOTE_SHA" ]; then^[[0m
commit	guard	2026-09-30T08:35:06.1431240Z ^[[36;1m  echo "Run sha $GITHUB_SHA does not match remote main HEAD $REMOTE_SHA" >&2^[[0m
commit	guard	2026-09-30T08:35:06.1433070Z ^[[36;1m  exit 1^[[0m
commit	guard	2026-09-30T08:35:06.1434315Z ^[[36;1mfi^[[0m
commit	guard	2026-09-30T08:35:06.1585075Z shell: /usr/bin/bash -e {0}
commit	guard	2026-09-30T08:35:06.1586381Z env:
commit	guard	2026-09-30T08:35:06.1596601Z   GITHUB_TOKEN: ***
commit	guard	2026-09-30T08:35:06.1597713Z ##[endgroup]
commit	guard	2026-09-30T08:35:06.1685800Z Ref refs/heads/phase1-spike is not refs/heads/main
commit	guard	2026-09-30T08:35:06.1697694Z ##[error]Process completed with exit code 1.
commit	Post Checkout repository	﻿2026-09-30T08:35:06.2035325Z Post job cleanup.
commit	Post Checkout repository	2026-09-30T08:35:06.2758849Z [command]/usr/bin/git version
commit	Post Checkout repository	2026-09-30T08:35:06.2787686Z git version 2.55.0
commit	Post Checkout repository	2026-09-30T08:35:06.2819744Z Temporarily overriding HOME='/home/runner/work/_temp/a6fc546e-f983-4bf6-9080-12d2fd97d1bf' before making global git config changes
commit	Post Checkout repository	2026-09-30T08:35:06.2824429Z Adding repository directory to the temporary git global config as a safe directory
commit	Post Checkout repository	2026-09-30T08:35:06.2828718Z [command]/usr/bin/git config --global --add safe.directory /home/runner/work/MyAiStorage/MyAiStorage
commit	Post Checkout repository	2026-09-30T08:35:06.2854759Z [command]/usr/bin/git config --local --name-only --get-regexp core\.sshCommand
commit	Post Checkout repository	2026-09-30T08:35:06.2879358Z [command]/usr/bin/git submodule foreach --recursive sh -c "git config --local --name-only --get-regexp 'core\.sshCommand' && git config --local --unset-all 'core.sshCommand' || :"
commit	Post Checkout repository	2026-09-30T08:35:06.3043021Z [command]/usr/bin/git config --local --name-only --get-regexp http\.https\:\/\/github\.com\/\.extraheader
commit	Post Checkout repository	2026-09-30T08:35:06.3061371Z http.https://github.com/.extraheader
commit	Post Checkout repository	2026-09-30T08:35:06.3070044Z [command]/usr/bin/git config --local --unset-all http.https://github.com/.extraheader
commit	Post Checkout repository	2026-09-30T08:35:06.3096794Z [command]/usr/bin/git submodule foreach --recursive sh -c "git config --local --name-only --get-regexp 'http\.https\:\/\/github\.com\/\.extraheader' && git config --local --unset-all 'http.https://github.com/.extraheader' || :"
commit	Complete job	﻿2026-09-30T08:35:06.3373798Z Cleaning up orphan processes
commit	Complete job	2026-09-30T08:35:06.3701334Z ##[warning]Node.js 20 is deprecated. The following actions target Node.js 20 but are being forced to run on Node.js 24: actions/checkout@11bd71901bbe5b1630ceea73d27597364c9af683. For more information see: https://github.blog/changelog/2025-09-19-deprecation-of-node-20-on-github-actions-runners/
