commit	Set up job	﻿2026-09-30T08:02:21.6883453Z Current runner version: '2.337.0'
commit	Set up job	2026-09-30T08:02:21.6920702Z ##[group]Runner Image Provisioner
commit	Set up job	2026-09-30T08:02:21.6922431Z Hosted Compute Agent
commit	Set up job	2026-09-30T08:02:21.6923674Z Version: 20260828.587
commit	Set up job	2026-09-30T08:02:21.6924958Z Commit: abac92662cab4cc7352de4f9f9d2e2419aad9c29
commit	Set up job	2026-09-30T08:02:21.6926342Z Build Date: 2026-08-28T16:44:25Z
commit	Set up job	2026-09-30T08:02:21.6927689Z Worker ID: {93d2bfb0-5d0d-4cdf-ac2c-7db5ef3b0029}
commit	Set up job	2026-09-30T08:02:21.6929694Z Azure Region: centralus
commit	Set up job	2026-09-30T08:02:21.6930886Z ##[endgroup]
commit	Set up job	2026-09-30T08:02:21.6933294Z ##[group]Operating System
commit	Set up job	2026-09-30T08:02:21.6934639Z Ubuntu
commit	Set up job	2026-09-30T08:02:21.6935592Z 24.04.5
commit	Set up job	2026-09-30T08:02:21.6936704Z LTS
commit	Set up job	2026-09-30T08:02:21.6937714Z ##[endgroup]
commit	Set up job	2026-09-30T08:02:21.6938842Z ##[group]Runner Image
commit	Set up job	2026-09-30T08:02:21.6939977Z Image: ubuntu-24.04
commit	Set up job	2026-09-30T08:02:21.6941348Z Version: 20260920.314.1
commit	Set up job	2026-09-30T08:02:21.6943345Z Included Software: https://github.com/actions/runner-images/blob/ubuntu24/20260920.314/images/ubuntu/Ubuntu2404-Readme.md
commit	Set up job	2026-09-30T08:02:21.6946234Z Image Release: https://github.com/actions/runner-images/releases/tag/ubuntu24%2F20260920.314
commit	Set up job	2026-09-30T08:02:21.6948008Z ##[endgroup]
commit	Set up job	2026-09-30T08:02:21.6949913Z ##[group]GITHUB_TOKEN Permissions
commit	Set up job	2026-09-30T08:02:21.6953189Z Contents: read
commit	Set up job	2026-09-30T08:02:21.6954174Z Metadata: read
commit	Set up job	2026-09-30T08:02:21.6955282Z ##[endgroup]
commit	Set up job	2026-09-30T08:02:21.6958224Z Secret source: Actions
commit	Set up job	2026-09-30T08:02:21.6959908Z Cache mode: write
commit	Set up job	2026-09-30T08:02:21.6961898Z Prepare workflow directory
commit	Set up job	2026-09-30T08:02:21.7355467Z Prepare all required actions
commit	Set up job	2026-09-30T08:02:21.7411639Z Getting action download info
commit	Set up job	2026-09-30T08:02:22.0405648Z ##[error]Unable to resolve action `astral-sh/setup-uv@16b49045b85040e34c9f13674686b24a3500854d`, unable to find version `16b49045b85040e34c9f13674686b24a3500854d`
