commit	Set up job	﻿2026-09-30T07:54:17.8595944Z Current runner version: '2.337.0'
commit	Set up job	2026-09-30T07:54:17.8628639Z ##[group]Runner Image Provisioner
commit	Set up job	2026-09-30T07:54:17.8629721Z Hosted Compute Agent
commit	Set up job	2026-09-30T07:54:17.8630547Z Version: 20260828.587
commit	Set up job	2026-09-30T07:54:17.8631338Z Commit: abac92662cab4cc7352de4f9f9d2e2419aad9c29
commit	Set up job	2026-09-30T07:54:17.8632269Z Build Date: 2026-08-28T16:44:25Z
commit	Set up job	2026-09-30T07:54:17.8633264Z Worker ID: {bc50544f-40df-42d8-9da0-a21225749b52}
commit	Set up job	2026-09-30T07:54:17.8634143Z Azure Region: northcentralus
commit	Set up job	2026-09-30T07:54:17.8635506Z ##[endgroup]
commit	Set up job	2026-09-30T07:54:17.8637236Z ##[group]Operating System
commit	Set up job	2026-09-30T07:54:17.8638144Z Ubuntu
commit	Set up job	2026-09-30T07:54:17.8638796Z 24.04.5
commit	Set up job	2026-09-30T07:54:17.8639519Z LTS
commit	Set up job	2026-09-30T07:54:17.8640230Z ##[endgroup]
commit	Set up job	2026-09-30T07:54:17.8640980Z ##[group]Runner Image
commit	Set up job	2026-09-30T07:54:17.8641711Z Image: ubuntu-24.04
commit	Set up job	2026-09-30T07:54:17.8642460Z Version: 20260920.314.1
commit	Set up job	2026-09-30T07:54:17.8643770Z Included Software: https://github.com/actions/runner-images/blob/ubuntu24/20260920.314/images/ubuntu/Ubuntu2404-Readme.md
commit	Set up job	2026-09-30T07:54:17.8645867Z Image Release: https://github.com/actions/runner-images/releases/tag/ubuntu24%2F20260920.314
commit	Set up job	2026-09-30T07:54:17.8646990Z ##[endgroup]
commit	Set up job	2026-09-30T07:54:17.8648392Z ##[group]GITHUB_TOKEN Permissions
commit	Set up job	2026-09-30T07:54:17.8651003Z Contents: read
commit	Set up job	2026-09-30T07:54:17.8651780Z Metadata: read
commit	Set up job	2026-09-30T07:54:17.8652556Z ##[endgroup]
commit	Set up job	2026-09-30T07:54:17.8655658Z Secret source: Actions
commit	Set up job	2026-09-30T07:54:17.8656950Z Cache mode: write
commit	Set up job	2026-09-30T07:54:17.8658039Z Prepare workflow directory
commit	Set up job	2026-09-30T07:54:17.9001700Z Prepare all required actions
commit	Set up job	2026-09-30T07:54:17.9051595Z Getting action download info
commit	Set up job	2026-09-30T07:54:18.2116794Z ##[error]Unable to resolve action `astral-sh/setup-uv@16b49045b85040e34c9f13674686b24a3500854d`, unable to find version `16b49045b85040e34c9f13674686b24a3500854d`
