run	Set up job	﻿2026-09-26T08:48:39.2577485Z Current runner version: '2.337.0'
run	Set up job	2026-09-26T08:48:39.2595528Z ##[group]Runner Image Provisioner
run	Set up job	2026-09-26T08:48:39.2596344Z Hosted Compute Agent
run	Set up job	2026-09-26T08:48:39.2596829Z Version: 20260828.587
run	Set up job	2026-09-26T08:48:39.2597341Z Commit: abac92662cab4cc7352de4f9f9d2e2419aad9c29
run	Set up job	2026-09-26T08:48:39.2597870Z Build Date: 2026-08-28T16:44:25Z
run	Set up job	2026-09-26T08:48:39.2598452Z Worker ID: {1ef971e2-64cd-4e29-89ba-54d7703d8099}
run	Set up job	2026-09-26T08:48:39.2598992Z Azure Region: centralus
run	Set up job	2026-09-26T08:48:39.2599430Z ##[endgroup]
run	Set up job	2026-09-26T08:48:39.2600469Z ##[group]Operating System
run	Set up job	2026-09-26T08:48:39.2600950Z Ubuntu
run	Set up job	2026-09-26T08:48:39.2601387Z 24.04.5
run	Set up job	2026-09-26T08:48:39.2601993Z LTS
run	Set up job	2026-09-26T08:48:39.2602396Z ##[endgroup]
run	Set up job	2026-09-26T08:48:39.2602828Z ##[group]Runner Image
run	Set up job	2026-09-26T08:48:39.2603317Z Image: ubuntu-24.04
run	Set up job	2026-09-26T08:48:39.2603762Z Version: 20260920.314.1
run	Set up job	2026-09-26T08:48:39.2604448Z Included Software: https://github.com/actions/runner-images/blob/ubuntu24/20260920.314/images/ubuntu/Ubuntu2404-Readme.md
run	Set up job	2026-09-26T08:48:39.2605766Z Image Release: https://github.com/actions/runner-images/releases/tag/ubuntu24%2F20260920.314
run	Set up job	2026-09-26T08:48:39.2606496Z ##[endgroup]
run	Set up job	2026-09-26T08:48:39.2607350Z ##[group]GITHUB_TOKEN Permissions
run	Set up job	2026-09-26T08:48:39.2608850Z Contents: read
run	Set up job	2026-09-26T08:48:39.2609279Z Metadata: read
run	Set up job	2026-09-26T08:48:39.2609718Z Packages: read
run	Set up job	2026-09-26T08:48:39.2610124Z ##[endgroup]
run	Set up job	2026-09-26T08:48:39.2611480Z Secret source: Actions
run	Set up job	2026-09-26T08:48:39.2612136Z Cache mode: write
run	Set up job	2026-09-26T08:48:39.2612756Z Prepare workflow directory
run	Set up job	2026-09-26T08:48:39.3900320Z Prepare all required actions
run	Set up job	2026-09-26T08:48:39.4128324Z Complete job name: run
run	環境與時間起點	﻿2026-09-26T08:48:39.5961580Z ##[group]Run echo "RUNNER_ARCH=$(uname -m)"
run	環境與時間起點	2026-09-26T08:48:39.5962318Z ^[[36;1mecho "RUNNER_ARCH=$(uname -m)"^[[0m
run	環境與時間起點	2026-09-26T08:48:39.5963087Z ^[[36;1mecho "START_UTC=$(date -u +%Y-%m-%dT%H:%M:%S.%3NZ)" | tee -a "$GITHUB_STEP_SUMMARY"^[[0m
run	環境與時間起點	2026-09-26T08:48:39.8000901Z shell: /usr/bin/bash -e {0}
run	環境與時間起點	2026-09-26T08:48:39.8001490Z ##[endgroup]
run	環境與時間起點	2026-09-26T08:48:39.8293486Z RUNNER_ARCH=x86_64
run	環境與時間起點	2026-09-26T08:48:39.8298727Z START_UTC=2026-09-26T08:48:39.828Z
run	安裝 git-annex（standalone tarball，與 Dockerfile 相同版本與 sha256）	﻿2026-09-26T08:48:39.9890715Z ##[group]Run set -euo pipefail
run	安裝 git-annex（standalone tarball，與 Dockerfile 相同版本與 sha256）	2026-09-26T08:48:39.9891224Z ^[[36;1mset -euo pipefail^[[0m
run	安裝 git-annex（standalone tarball，與 Dockerfile 相同版本與 sha256）	2026-09-26T08:48:39.9891595Z ^[[36;1mARCH=amd64^[[0m
run	安裝 git-annex（standalone tarball，與 Dockerfile 相同版本與 sha256）	2026-09-26T08:48:39.9892085Z ^[[36;1mANNEX_SHA256=a3c9d10ee33a7ace69efeaa8cd6282cfd7444ec797d732cebae12a64efefa18a^[[0m
run	安裝 git-annex（standalone tarball，與 Dockerfile 相同版本與 sha256）	2026-09-26T08:48:39.9892947Z ^[[36;1mcurl -fsSL "https://downloads.kitenet.net/git-annex/linux/current/git-annex-standalone-${ARCH}.tar.gz" -o /tmp/git-annex.tar.gz^[[0m
run	安裝 git-annex（standalone tarball，與 Dockerfile 相同版本與 sha256）	2026-09-26T08:48:39.9893718Z ^[[36;1mecho "${ANNEX_SHA256}  /tmp/git-annex.tar.gz" | sha256sum -c -^[[0m
run	安裝 git-annex（standalone tarball，與 Dockerfile 相同版本與 sha256）	2026-09-26T08:48:39.9894219Z ^[[36;1msudo tar -xzf /tmp/git-annex.tar.gz -C /opt^[[0m
run	安裝 git-annex（standalone tarball，與 Dockerfile 相同版本與 sha256）	2026-09-26T08:48:39.9894733Z ^[[36;1msudo ln -sf /opt/git-annex.linux/git-annex /usr/local/bin/git-annex^[[0m
run	安裝 git-annex（standalone tarball，與 Dockerfile 相同版本與 sha256）	2026-09-26T08:48:39.9895349Z ^[[36;1msudo ln -sf /opt/git-annex.linux/git-annex-shell /usr/local/bin/git-annex-shell^[[0m
run	安裝 git-annex（standalone tarball，與 Dockerfile 相同版本與 sha256）	2026-09-26T08:48:39.9896503Z ^[[36;1msudo ln -sf /opt/git-annex.linux/git-remote-annex /usr/local/bin/git-remote-annex^[[0m
run	安裝 git-annex（standalone tarball，與 Dockerfile 相同版本與 sha256）	2026-09-26T08:48:39.9897748Z ^[[36;1msudo sed -i 's/^GIT_ANNEX_PACKAGE_INSTALL=$/GIT_ANNEX_PACKAGE_INSTALL=1/' /opt/git-annex.linux/runshell^[[0m
run	安裝 git-annex（standalone tarball，與 Dockerfile 相同版本與 sha256）	2026-09-26T08:48:39.9898990Z ^[[36;1msudo grep -qx 'GIT_ANNEX_PACKAGE_INSTALL=1' /opt/git-annex.linux/runshell^[[0m
run	安裝 git-annex（standalone tarball，與 Dockerfile 相同版本與 sha256）	2026-09-26T08:48:39.9899824Z ^[[36;1mecho "--- 版本 ---"^[[0m
run	安裝 git-annex（standalone tarball，與 Dockerfile 相同版本與 sha256）	2026-09-26T08:48:39.9900387Z ^[[36;1mgit annex version | sed -n 1p^[[0m
run	安裝 git-annex（standalone tarball，與 Dockerfile 相同版本與 sha256）	2026-09-26T08:48:39.9901001Z ^[[36;1mcommand -v git-remote-annex^[[0m
run	安裝 git-annex（standalone tarball，與 Dockerfile 相同版本與 sha256）	2026-09-26T08:48:39.9901580Z ^[[36;1mgit --version^[[0m
run	安裝 git-annex（standalone tarball，與 Dockerfile 相同版本與 sha256）	2026-09-26T08:48:39.9953278Z shell: /usr/bin/bash -e {0}
run	安裝 git-annex（standalone tarball，與 Dockerfile 相同版本與 sha256）	2026-09-26T08:48:39.9953650Z ##[endgroup]
run	安裝 git-annex（standalone tarball，與 Dockerfile 相同版本與 sha256）	2026-09-26T08:48:41.3172333Z /tmp/git-annex.tar.gz: OK
run	安裝 git-annex（standalone tarball，與 Dockerfile 相同版本與 sha256）	2026-09-26T08:48:42.5382467Z --- 版本 ---
run	安裝 git-annex（standalone tarball，與 Dockerfile 相同版本與 sha256）	2026-09-26T08:48:42.6156852Z git-annex version: 10.20260717-g0c917920c80ab1e8cc3d8f5886537708949e1659
run	安裝 git-annex（standalone tarball，與 Dockerfile 相同版本與 sha256）	2026-09-26T08:48:42.6161384Z /usr/local/bin/git-remote-annex
run	安裝 git-annex（standalone tarball，與 Dockerfile 相同版本與 sha256）	2026-09-26T08:48:42.6177081Z git version 2.55.0
run	安裝 rclone（官方 zip，與 Dockerfile 相同版本與 sha256）	﻿2026-09-26T08:48:42.7387324Z ##[group]Run set -euo pipefail
run	安裝 rclone（官方 zip，與 Dockerfile 相同版本與 sha256）	2026-09-26T08:48:42.7387745Z ^[[36;1mset -euo pipefail^[[0m
run	安裝 rclone（官方 zip，與 Dockerfile 相同版本與 sha256）	2026-09-26T08:48:42.7388053Z ^[[36;1mRCLONE_VERSION=1.75.1^[[0m
run	安裝 rclone（官方 zip，與 Dockerfile 相同版本與 sha256）	2026-09-26T08:48:42.7388501Z ^[[36;1mRCLONE_SHA256=982b5aa772841168f8e380f139e9e787b2a105403e32b94da8676a0e1c0a13ab^[[0m
run	安裝 rclone（官方 zip，與 Dockerfile 相同版本與 sha256）	2026-09-26T08:48:42.7389223Z ^[[36;1mcurl -fsSL "https://downloads.rclone.org/v${RCLONE_VERSION}/rclone-v${RCLONE_VERSION}-linux-amd64.zip" -o /tmp/rclone.zip^[[0m
run	安裝 rclone（官方 zip，與 Dockerfile 相同版本與 sha256）	2026-09-26T08:48:42.7389839Z ^[[36;1mecho "${RCLONE_SHA256}  /tmp/rclone.zip" | sha256sum -c -^[[0m
run	安裝 rclone（官方 zip，與 Dockerfile 相同版本與 sha256）	2026-09-26T08:48:42.7390231Z ^[[36;1munzip -q /tmp/rclone.zip -d /tmp^[[0m
run	安裝 rclone（官方 zip，與 Dockerfile 相同版本與 sha256）	2026-09-26T08:48:42.7390756Z ^[[36;1msudo install -m 0755 "/tmp/rclone-v${RCLONE_VERSION}-linux-amd64/rclone" /usr/local/bin/rclone^[[0m
run	安裝 rclone（官方 zip，與 Dockerfile 相同版本與 sha256）	2026-09-26T08:48:42.7391268Z ^[[36;1mecho "--- 版本 ---"^[[0m
run	安裝 rclone（官方 zip，與 Dockerfile 相同版本與 sha256）	2026-09-26T08:48:42.7391562Z ^[[36;1mrclone version | sed -n 1p^[[0m
run	安裝 rclone（官方 zip，與 Dockerfile 相同版本與 sha256）	2026-09-26T08:48:42.7446318Z shell: /usr/bin/bash -e {0}
run	安裝 rclone（官方 zip，與 Dockerfile 相同版本與 sha256）	2026-09-26T08:48:42.7446523Z ##[endgroup]
run	安裝 rclone（官方 zip，與 Dockerfile 相同版本與 sha256）	2026-09-26T08:48:46.0369654Z /tmp/rclone.zip: OK
run	安裝 rclone（官方 zip，與 Dockerfile 相同版本與 sha256）	2026-09-26T08:48:46.5579182Z --- 版本 ---
run	安裝 rclone（官方 zip，與 Dockerfile 相同版本與 sha256）	2026-09-26T08:48:46.6011682Z rclone v1.75.1
run	寫入 rclone conf（從 secret，不印出）	﻿2026-09-26T08:48:46.6899493Z ##[group]Run set -euo pipefail
run	寫入 rclone conf（從 secret，不印出）	2026-09-26T08:48:46.6899777Z ^[[36;1mset -euo pipefail^[[0m
run	寫入 rclone conf（從 secret，不印出）	2026-09-26T08:48:46.6899940Z ^[[36;1mmkdir -p "$HOME/.config/rclone"^[[0m
run	寫入 rclone conf（從 secret，不印出）	2026-09-26T08:48:46.6900109Z ^[[36;1mumask 077^[[0m
run	寫入 rclone conf（從 secret，不印出）	2026-09-26T08:48:46.6900309Z ^[[36;1mprintf '%s' "$RCLONE_CONF" > "$HOME/.config/rclone/rclone.conf"^[[0m
run	寫入 rclone conf（從 secret，不印出）	2026-09-26T08:48:46.6900544Z ^[[36;1mchmod 600 "$HOME/.config/rclone/rclone.conf"^[[0m
run	寫入 rclone conf（從 secret，不印出）	2026-09-26T08:48:46.6900788Z ^[[36;1mecho "conf 已寫入（$HOME/.config/rclone/rclone.conf）；不印內容"^[[0m
run	寫入 rclone conf（從 secret，不印出）	2026-09-26T08:48:46.6901051Z ^[[36;1mrclone lsf gdrive: >/dev/null && echo "rclone 列出 repo 根目錄：ok"^[[0m
run	寫入 rclone conf（從 secret，不印出）	2026-09-26T08:48:46.6950054Z shell: /usr/bin/bash -e {0}
run	寫入 rclone conf（從 secret，不印出）	2026-09-26T08:48:46.6950221Z env:
run	寫入 rclone conf（從 secret，不印出）	2026-09-26T08:48:46.6952370Z   RCLONE_CONF: ***
run	寫入 rclone conf（從 secret，不印出）	2026-09-26T08:48:46.6952512Z ##[endgroup]
run	寫入 rclone conf（從 secret，不印出）	2026-09-26T08:48:46.8131692Z conf 已寫入（/home/runner/.config/rclone/rclone.conf）；不印內容
run	寫入 rclone conf（從 secret，不印出）	2026-09-26T08:48:48.0103678Z rclone 列出 repo 根目錄：ok
run	git 身分	﻿2026-09-26T08:48:48.0236372Z ##[group]Run git config --global user.email 'spike@aistorage.invalid'
run	git 身分	2026-09-26T08:48:48.0236868Z ^[[36;1mgit config --global user.email 'spike@aistorage.invalid'^[[0m
run	git 身分	2026-09-26T08:48:48.0237283Z ^[[36;1mgit config --global user.name 'aistorage-spike-runner'^[[0m
run	git 身分	2026-09-26T08:48:48.0290460Z shell: /usr/bin/bash -e {0}
run	git 身分	2026-09-26T08:48:48.0290641Z ##[endgroup]
run	Clone（歷史）與 annex get（內容）分開計時	﻿2026-09-26T08:48:48.3735366Z ##[group]Run set -euo pipefail
run	Clone（歷史）與 annex get（內容）分開計時	2026-09-26T08:48:48.3735839Z ^[[36;1mset -euo pipefail^[[0m
run	Clone（歷史）與 annex get（內容）分開計時	2026-09-26T08:48:48.3736155Z ^[[36;1m[ -n "$SPIKE_REPO_URL" ] || { echo "SPIKE_REPO_URL 未設"; exit 1; }^[[0m
run	Clone（歷史）與 annex get（內容）分開計時	2026-09-26T08:48:48.3736499Z ^[[36;1mt0=$(date +%s%3N)^[[0m
run	Clone（歷史）與 annex get（內容）分開計時	2026-09-26T08:48:48.3736763Z ^[[36;1mgit clone -b main "$SPIKE_REPO_URL" /tmp/wt^[[0m
run	Clone（歷史）與 annex get（內容）分開計時	2026-09-26T08:48:48.3737053Z ^[[36;1mt1=$(date +%s%3N)^[[0m
run	Clone（歷史）與 annex get（內容）分開計時	2026-09-26T08:48:48.3737346Z ^[[36;1mecho "clone（含 git 歷史與 GITBUNDLE 取回）：$((t1 - t0)) ms"^[[0m
run	Clone（歷史）與 annex get（內容）分開計時	2026-09-26T08:48:48.3737762Z ^[[36;1mecho "clone_ms=$((t1 - t0))" >> "$GITHUB_STEP_SUMMARY"^[[0m
run	Clone（歷史）與 annex get（內容）分開計時	2026-09-26T08:48:48.3738148Z ^[[36;1mgit -C /tmp/wt log --oneline | sed -n 1,3p^[[0m
run	Clone（歷史）與 annex get（內容）分開計時	2026-09-26T08:48:48.3738529Z ^[[36;1mecho "commit 數：$(git -C /tmp/wt rev-list --all --count)"^[[0m
run	Clone（歷史）與 annex get（內容）分開計時	2026-09-26T08:48:48.3738926Z ^[[36;1m(cd /tmp/wt && git annex init runner >/dev/null 2>&1 || true)^[[0m
run	Clone（歷史）與 annex get（內容）分開計時	2026-09-26T08:48:48.3739253Z ^[[36;1mt2=$(date +%s%3N)^[[0m
run	Clone（歷史）與 annex get（內容）分開計時	2026-09-26T08:48:48.3739503Z ^[[36;1mgit -C /tmp/wt annex get . || true^[[0m
run	Clone（歷史）與 annex get（內容）分開計時	2026-09-26T08:48:48.3739796Z ^[[36;1mt3=$(date +%s%3N)^[[0m
run	Clone（歷史）與 annex get（內容）分開計時	2026-09-26T08:48:48.3740060Z ^[[36;1mecho "annex get（annex 物件內容）：$((t3 - t2)) ms"^[[0m
run	Clone（歷史）與 annex get（內容）分開計時	2026-09-26T08:48:48.3740408Z ^[[36;1mecho "annex_get_ms=$((t3 - t2))" >> "$GITHUB_STEP_SUMMARY"^[[0m
run	Clone（歷史）與 annex get（內容）分開計時	2026-09-26T08:48:48.3740737Z ^[[36;1mecho "工作樹檔案 sha256（前 5 個大檔）："^[[0m
run	Clone（歷史）與 annex get（內容）分開計時	2026-09-26T08:48:48.3741160Z ^[[36;1mfind /tmp/wt -maxdepth 2 -type f -not -path '*/.git/*' -size +100k | head -5 | while read -r f; do^[[0m
run	Clone（歷史）與 annex get（內容）分開計時	2026-09-26T08:48:48.3741587Z ^[[36;1m  sha256sum "$f"^[[0m
run	Clone（歷史）與 annex get（內容）分開計時	2026-09-26T08:48:48.3741807Z ^[[36;1mdone^[[0m
run	Clone（歷史）與 annex get（內容）分開計時	2026-09-26T08:48:48.3796607Z shell: /usr/bin/bash -e {0}
run	Clone（歷史）與 annex get（內容）分開計時	2026-09-26T08:48:48.3796776Z env:
run	Clone（歷史）與 annex get（內容）分開計時	2026-09-26T08:48:48.3797235Z   SPIKE_REPO_URL: annex::915a333b-2996-4d85-9430-14a608e61b7e?encryption=none&type=rclone&rcloneremotename=gdrive&rcloneprefix=agora-basic
run	Clone（歷史）與 annex get（內容）分開計時	2026-09-26T08:48:48.3797592Z ##[endgroup]
run	Clone（歷史）與 annex get（內容）分開計時	2026-09-26T08:48:48.4130985Z Cloning into '/tmp/wt'...
run	Clone（歷史）與 annex get（內容）分開計時	2026-09-26T08:49:00.8214948Z clone（含 git 歷史與 GITBUNDLE 取回）：12407 ms
run	Clone（歷史）與 annex get（內容）分開計時	2026-09-26T08:49:00.8234438Z a1c572c other writer push
run	Clone（歷史）與 annex get（內容）分開計時	2026-09-26T08:49:00.8246232Z 1bb0304 tick
run	Clone（歷史）與 annex get（內容）分開計時	2026-09-26T08:49:00.8256297Z ebdca4d big files for interrupt test
run	Clone（歷史）與 annex get（內容）分開計時	2026-09-26T08:49:00.8268251Z commit 數：20
run	Clone（歷史）與 annex get（內容）分開計時	2026-09-26T08:49:00.9940955Z get big-1.bin (from origin...) 
run	Clone（歷史）與 annex get（內容）分開計時	2026-09-26T08:49:02.4166061Z 
run	Clone（歷史）與 annex get（內容）分開計時	2026-09-26T08:49:02.4170317Z 
run	Clone（歷史）與 annex get（內容）分開計時	2026-09-26T08:49:02.4356891Z (checksum...) ok
run	Clone（歷史）與 annex get（內容）分開計時	2026-09-26T08:49:02.4357728Z get big-2.bin (from origin...) 
run	Clone（歷史）與 annex get（內容）分開計時	2026-09-26T08:49:03.8687147Z 
run	Clone（歷史）與 annex get（內容）分開計時	2026-09-26T08:49:03.8706694Z 
run	Clone（歷史）與 annex get（內容）分開計時	2026-09-26T08:49:03.8805425Z (checksum...) ok
run	Clone（歷史）與 annex get（內容）分開計時	2026-09-26T08:49:03.9133745Z get big-3.bin (from origin...) 
run	Clone（歷史）與 annex get（內容）分開計時	2026-09-26T08:49:05.1333758Z 
run	Clone（歷史）與 annex get（內容）分開計時	2026-09-26T08:49:05.1350048Z 
run	Clone（歷史）與 annex get（內容）分開計時	2026-09-26T08:49:05.1480910Z (checksum...) ok
run	Clone（歷史）與 annex get（內容）分開計時	2026-09-26T08:49:05.1494725Z (recording state in git...)
run	Clone（歷史）與 annex get（內容）分開計時	2026-09-26T08:49:05.2433780Z annex get（annex 物件內容）：4289 ms
run	Clone（歷史）與 annex get（內容）分開計時	2026-09-26T08:49:05.2446358Z 工作樹檔案 sha256（前 5 個大檔）：
run	Clone（歷史）與 annex get（內容）分開計時	2026-09-26T08:49:05.2493542Z 2fabae7607c063e6f076d020875c54488ede914ac51e13dacfc422d7402d4bb5  /tmp/wt/big-1.bin
run	Clone（歷史）與 annex get（內容）分開計時	2026-09-26T08:49:05.2526967Z 36344abcbcea0c1da3e814e571e396edb7262a30913393e3a7d7c81970d8ee6e  /tmp/wt/big-3.bin
run	Clone（歷史）與 annex get（內容）分開計時	2026-09-26T08:49:05.2560511Z 01f5d8ac9742dadf657d837ebee0b11837b161ebbc348018635b1a5a00f3fc3a  /tmp/wt/big-2.bin
run	Commit + push（量測 push 耗時）	﻿2026-09-26T08:49:05.2605500Z ##[group]Run set -euo pipefail
run	Commit + push（量測 push 耗時）	2026-09-26T08:49:05.2606092Z ^[[36;1mset -euo pipefail^[[0m
run	Commit + push（量測 push 耗時）	2026-09-26T08:49:05.2606244Z ^[[36;1mcd /tmp/wt^[[0m
run	Commit + push（量測 push 耗時）	2026-09-26T08:49:05.2606477Z ^[[36;1mecho "runner $(date -u +%Y-%m-%dT%H:%M:%SZ) $(git rev-parse --short HEAD)" > runner-push.txt^[[0m
run	Commit + push（量測 push 耗時）	2026-09-26T08:49:05.2606739Z ^[[36;1mgit add runner-push.txt^[[0m
run	Commit + push（量測 push 耗時）	2026-09-26T08:49:05.2606943Z ^[[36;1mgit commit -qm "runner push $(date -u +%Y-%m-%dT%H:%M:%SZ)"^[[0m
run	Commit + push（量測 push 耗時）	2026-09-26T08:49:05.2607156Z ^[[36;1mnew_head=$(git rev-parse HEAD)^[[0m
run	Commit + push（量測 push 耗時）	2026-09-26T08:49:05.2607341Z ^[[36;1mt0=$(date +%s%3N)^[[0m
run	Commit + push（量測 push 耗時）	2026-09-26T08:49:05.2607494Z ^[[36;1mgit push origin main git-annex^[[0m
run	Commit + push（量測 push 耗時）	2026-09-26T08:49:05.2607651Z ^[[36;1mt1=$(date +%s%3N)^[[0m
run	Commit + push（量測 push 耗時）	2026-09-26T08:49:05.2607807Z ^[[36;1mecho "push：$((t1 - t0)) ms"^[[0m
run	Commit + push（量測 push 耗時）	2026-09-26T08:49:05.2608003Z ^[[36;1mecho "push_ms=$((t1 - t0))" >> "$GITHUB_STEP_SUMMARY"^[[0m
run	Commit + push（量測 push 耗時）	2026-09-26T08:49:05.2608215Z ^[[36;1m# 驗證真的推上去了（防靜默失敗：exit 0 但 remote 沒動）^[[0m
run	Commit + push（量測 push 耗時）	2026-09-26T08:49:05.2608441Z ^[[36;1mremote_head=$(git ls-remote origin refs/heads/main | cut -f1)^[[0m
run	Commit + push（量測 push 耗時）	2026-09-26T08:49:05.2608720Z ^[[36;1mecho "local HEAD=$new_head remote main=$remote_head"^[[0m
run	Commit + push（量測 push 耗時）	2026-09-26T08:49:05.2608936Z ^[[36;1mif [ "$new_head" != "$remote_head" ]; then^[[0m
run	Commit + push（量測 push 耗時）	2026-09-26T08:49:05.2609131Z ^[[36;1m  echo "::error::push 靜默失敗：remote main 沒有前進"^[[0m
run	Commit + push（量測 push 耗時）	2026-09-26T08:49:05.2609306Z ^[[36;1m  exit 1^[[0m
run	Commit + push（量測 push 耗時）	2026-09-26T08:49:05.2609434Z ^[[36;1mfi^[[0m
run	Commit + push（量測 push 耗時）	2026-09-26T08:49:05.2609570Z ^[[36;1mgit log --oneline | sed -n 1,2p^[[0m
run	Commit + push（量測 push 耗時）	2026-09-26T08:49:05.2657546Z shell: /usr/bin/bash -e {0}
run	Commit + push（量測 push 耗時）	2026-09-26T08:49:05.2657700Z env:
run	Commit + push（量測 push 耗時）	2026-09-26T08:49:05.2658001Z   SPIKE_REPO_URL: annex::915a333b-2996-4d85-9430-14a608e61b7e?encryption=none&type=rclone&rcloneremotename=gdrive&rcloneprefix=agora-basic
run	Commit + push（量測 push 耗時）	2026-09-26T08:49:05.2658333Z ##[endgroup]
run	Commit + push（量測 push 耗時）	2026-09-26T08:49:19.9296668Z To annex::915a333b-2996-4d85-9430-14a608e61b7e?encryption=none&type=rclone&rcloneremotename=gdrive&rcloneprefix=agora-basic
run	Commit + push（量測 push 耗時）	2026-09-26T08:49:19.9297521Z    c56f1c3..0e380b7  git-annex -> git-annex
run	Commit + push（量測 push 耗時）	2026-09-26T08:49:19.9306327Z    a1c572c..738e280  main -> main
run	Commit + push（量測 push 耗時）	2026-09-26T08:49:19.9444572Z push：14528 ms
run	Commit + push（量測 push 耗時）	2026-09-26T08:49:27.0454274Z local HEAD=738e2808cef62fa85faccb52ed360352d602d7d3 remote main=738e2808cef62fa85faccb52ed360352d602d7d3
run	Commit + push（量測 push 耗時）	2026-09-26T08:49:27.0481965Z 738e280 runner push 2026-09-26T08:49:05Z
run	Commit + push（量測 push 耗時）	2026-09-26T08:49:27.0483880Z a1c572c other writer push
run	時間終點	﻿2026-09-26T08:49:27.0509946Z ##[group]Run echo "END_UTC=$(date -u +%Y-%m-%dT%H:%M:%S.%3NZ)" | tee -a "$GITHUB_STEP_SUMMARY"
run	時間終點	2026-09-26T08:49:27.0510306Z ^[[36;1mecho "END_UTC=$(date -u +%Y-%m-%dT%H:%M:%S.%3NZ)" | tee -a "$GITHUB_STEP_SUMMARY"^[[0m
run	時間終點	2026-09-26T08:49:27.0558895Z shell: /usr/bin/bash -e {0}
run	時間終點	2026-09-26T08:49:27.0559068Z ##[endgroup]
run	時間終點	2026-09-26T08:49:27.0626977Z END_UTC=2026-09-26T08:49:27.062Z
run	Complete job	﻿2026-09-26T08:49:27.0692923Z Cleaning up orphan processes
