run	Set up job	﻿2026-09-26T08:44:47.7297803Z Current runner version: '2.337.0'
run	Set up job	2026-09-26T08:44:47.7336722Z ##[group]Runner Image Provisioner
run	Set up job	2026-09-26T08:44:47.7338383Z Hosted Compute Agent
run	Set up job	2026-09-26T08:44:47.7339459Z Version: 20260828.587
run	Set up job	2026-09-26T08:44:47.7340700Z Commit: abac92662cab4cc7352de4f9f9d2e2419aad9c29
run	Set up job	2026-09-26T08:44:47.7342248Z Build Date: 2026-08-28T16:44:25Z
run	Set up job	2026-09-26T08:44:47.7343653Z Worker ID: {80367682-768d-4d57-970b-c058d28cd32e}
run	Set up job	2026-09-26T08:44:47.7344892Z Azure Region: westus3
run	Set up job	2026-09-26T08:44:47.7345979Z ##[endgroup]
run	Set up job	2026-09-26T08:44:47.7348701Z ##[group]Operating System
run	Set up job	2026-09-26T08:44:47.7349982Z Ubuntu
run	Set up job	2026-09-26T08:44:47.7350913Z 24.04.5
run	Set up job	2026-09-26T08:44:47.7352574Z LTS
run	Set up job	2026-09-26T08:44:47.7353691Z ##[endgroup]
run	Set up job	2026-09-26T08:44:47.7354774Z ##[group]Runner Image
run	Set up job	2026-09-26T08:44:47.7355945Z Image: ubuntu-24.04
run	Set up job	2026-09-26T08:44:47.7357032Z Version: 20260920.314.1
run	Set up job	2026-09-26T08:44:47.7358889Z Included Software: https://github.com/actions/runner-images/blob/ubuntu24/20260920.314/images/ubuntu/Ubuntu2404-Readme.md
run	Set up job	2026-09-26T08:44:47.7362129Z Image Release: https://github.com/actions/runner-images/releases/tag/ubuntu24%2F20260920.314
run	Set up job	2026-09-26T08:44:47.7363958Z ##[endgroup]
run	Set up job	2026-09-26T08:44:47.7366051Z ##[group]GITHUB_TOKEN Permissions
run	Set up job	2026-09-26T08:44:47.7369348Z Contents: read
run	Set up job	2026-09-26T08:44:47.7370409Z Metadata: read
run	Set up job	2026-09-26T08:44:47.7371508Z Packages: read
run	Set up job	2026-09-26T08:44:47.7372962Z ##[endgroup]
run	Set up job	2026-09-26T08:44:47.7376324Z Secret source: Actions
run	Set up job	2026-09-26T08:44:47.7378057Z Cache mode: write
run	Set up job	2026-09-26T08:44:47.7379555Z Prepare workflow directory
run	Set up job	2026-09-26T08:44:47.7889103Z Prepare all required actions
run	Set up job	2026-09-26T08:44:47.8190442Z Complete job name: run
run	環境與時間起點	﻿2026-09-26T08:44:48.0324902Z ##[group]Run echo "RUNNER_ARCH=$(uname -m)"
run	環境與時間起點	2026-09-26T08:44:48.0326298Z ^[[36;1mecho "RUNNER_ARCH=$(uname -m)"^[[0m
run	環境與時間起點	2026-09-26T08:44:48.0328062Z ^[[36;1mecho "START_UTC=$(date -u +%Y-%m-%dT%H:%M:%S.%3NZ)" | tee -a "$GITHUB_STEP_SUMMARY"^[[0m
run	環境與時間起點	2026-09-26T08:44:48.1065845Z shell: /usr/bin/bash -e {0}
run	環境與時間起點	2026-09-26T08:44:48.1067590Z ##[endgroup]
run	環境與時間起點	2026-09-26T08:44:48.1454031Z RUNNER_ARCH=x86_64
run	環境與時間起點	2026-09-26T08:44:48.1477860Z START_UTC=2026-09-26T08:44:48.135Z
run	安裝 git-annex（standalone tarball，與 Dockerfile 相同版本與 sha256）	﻿2026-09-26T08:44:48.1640301Z ##[group]Run set -euo pipefail
run	安裝 git-annex（standalone tarball，與 Dockerfile 相同版本與 sha256）	2026-09-26T08:44:48.1641130Z ^[[36;1mset -euo pipefail^[[0m
run	安裝 git-annex（standalone tarball，與 Dockerfile 相同版本與 sha256）	2026-09-26T08:44:48.1641896Z ^[[36;1mARCH=amd64^[[0m
run	安裝 git-annex（standalone tarball，與 Dockerfile 相同版本與 sha256）	2026-09-26T08:44:48.1642789Z ^[[36;1mANNEX_SHA256=a3c9d10ee33a7ace69efeaa8cd6282cfd7444ec797d732cebae12a64efefa18a^[[0m
run	安裝 git-annex（standalone tarball，與 Dockerfile 相同版本與 sha256）	2026-09-26T08:44:48.1644279Z ^[[36;1mcurl -fsSL "https://downloads.kitenet.net/git-annex/linux/current/git-annex-standalone-${ARCH}.tar.gz" -o /tmp/git-annex.tar.gz^[[0m
run	安裝 git-annex（standalone tarball，與 Dockerfile 相同版本與 sha256）	2026-09-26T08:44:48.1645642Z ^[[36;1mecho "${ANNEX_SHA256}  /tmp/git-annex.tar.gz" | sha256sum -c -^[[0m
run	安裝 git-annex（standalone tarball，與 Dockerfile 相同版本與 sha256）	2026-09-26T08:44:48.1646534Z ^[[36;1msudo tar -xzf /tmp/git-annex.tar.gz -C /opt^[[0m
run	安裝 git-annex（standalone tarball，與 Dockerfile 相同版本與 sha256）	2026-09-26T08:44:48.1647458Z ^[[36;1msudo ln -sf /opt/git-annex.linux/git-annex /usr/local/bin/git-annex^[[0m
run	安裝 git-annex（standalone tarball，與 Dockerfile 相同版本與 sha256）	2026-09-26T08:44:48.1648552Z ^[[36;1msudo ln -sf /opt/git-annex.linux/git-annex-shell /usr/local/bin/git-annex-shell^[[0m
run	安裝 git-annex（standalone tarball，與 Dockerfile 相同版本與 sha256）	2026-09-26T08:44:48.1649719Z ^[[36;1msudo ln -sf /opt/git-annex.linux/git-remote-annex /usr/local/bin/git-remote-annex^[[0m
run	安裝 git-annex（standalone tarball，與 Dockerfile 相同版本與 sha256）	2026-09-26T08:44:48.1651011Z ^[[36;1msudo sed -i 's/^GIT_ANNEX_PACKAGE_INSTALL=$/GIT_ANNEX_PACKAGE_INSTALL=1/' /opt/git-annex.linux/runshell^[[0m
run	安裝 git-annex（standalone tarball，與 Dockerfile 相同版本與 sha256）	2026-09-26T08:44:48.1652602Z ^[[36;1msudo grep -qx 'GIT_ANNEX_PACKAGE_INSTALL=1' /opt/git-annex.linux/runshell^[[0m
run	安裝 git-annex（standalone tarball，與 Dockerfile 相同版本與 sha256）	2026-09-26T08:44:48.1653585Z ^[[36;1mecho "--- 版本 ---"^[[0m
run	安裝 git-annex（standalone tarball，與 Dockerfile 相同版本與 sha256）	2026-09-26T08:44:48.1654313Z ^[[36;1mgit annex version | sed -n 1p^[[0m
run	安裝 git-annex（standalone tarball，與 Dockerfile 相同版本與 sha256）	2026-09-26T08:44:48.1655021Z ^[[36;1mcommand -v git-remote-annex^[[0m
run	安裝 git-annex（standalone tarball，與 Dockerfile 相同版本與 sha256）	2026-09-26T08:44:48.1655734Z ^[[36;1mgit --version^[[0m
run	安裝 git-annex（standalone tarball，與 Dockerfile 相同版本與 sha256）	2026-09-26T08:44:48.1691544Z shell: /usr/bin/bash -e {0}
run	安裝 git-annex（standalone tarball，與 Dockerfile 相同版本與 sha256）	2026-09-26T08:44:48.1692517Z ##[endgroup]
run	安裝 git-annex（standalone tarball，與 Dockerfile 相同版本與 sha256）	2026-09-26T08:44:50.3674358Z /tmp/git-annex.tar.gz: OK
run	安裝 git-annex（standalone tarball，與 Dockerfile 相同版本與 sha256）	2026-09-26T08:44:51.9177074Z --- 版本 ---
run	安裝 git-annex（standalone tarball，與 Dockerfile 相同版本與 sha256）	2026-09-26T08:44:51.9481271Z git-annex version: 10.20260717-g0c917920c80ab1e8cc3d8f5886537708949e1659
run	安裝 git-annex（standalone tarball，與 Dockerfile 相同版本與 sha256）	2026-09-26T08:44:51.9501650Z /usr/local/bin/git-remote-annex
run	安裝 git-annex（standalone tarball，與 Dockerfile 相同版本與 sha256）	2026-09-26T08:44:51.9515576Z git version 2.55.0
run	安裝 rclone（官方 zip，與 Dockerfile 相同版本與 sha256）	﻿2026-09-26T08:44:51.9568618Z ##[group]Run set -euo pipefail
run	安裝 rclone（官方 zip，與 Dockerfile 相同版本與 sha256）	2026-09-26T08:44:51.9569438Z ^[[36;1mset -euo pipefail^[[0m
run	安裝 rclone（官方 zip，與 Dockerfile 相同版本與 sha256）	2026-09-26T08:44:51.9569884Z ^[[36;1mRCLONE_VERSION=1.75.1^[[0m
run	安裝 rclone（官方 zip，與 Dockerfile 相同版本與 sha256）	2026-09-26T08:44:51.9570531Z ^[[36;1mRCLONE_SHA256=982b5aa772841168f8e380f139e9e787b2a105403e32b94da8676a0e1c0a13ab^[[0m
run	安裝 rclone（官方 zip，與 Dockerfile 相同版本與 sha256）	2026-09-26T08:44:51.9571612Z ^[[36;1mcurl -fsSL "https://downloads.rclone.org/v${RCLONE_VERSION}/rclone-v${RCLONE_VERSION}-linux-amd64.zip" -o /tmp/rclone.zip^[[0m
run	安裝 rclone（官方 zip，與 Dockerfile 相同版本與 sha256）	2026-09-26T08:44:51.9572740Z ^[[36;1mecho "${RCLONE_SHA256}  /tmp/rclone.zip" | sha256sum -c -^[[0m
run	安裝 rclone（官方 zip，與 Dockerfile 相同版本與 sha256）	2026-09-26T08:44:51.9573307Z ^[[36;1munzip -q /tmp/rclone.zip -d /tmp^[[0m
run	安裝 rclone（官方 zip，與 Dockerfile 相同版本與 sha256）	2026-09-26T08:44:51.9574038Z ^[[36;1msudo install -m 0755 "/tmp/rclone-v${RCLONE_VERSION}-linux-amd64/rclone" /usr/local/bin/rclone^[[0m
run	安裝 rclone（官方 zip，與 Dockerfile 相同版本與 sha256）	2026-09-26T08:44:51.9574743Z ^[[36;1mecho "--- 版本 ---"^[[0m
run	安裝 rclone（官方 zip，與 Dockerfile 相同版本與 sha256）	2026-09-26T08:44:51.9575244Z ^[[36;1mrclone version | sed -n 1p^[[0m
run	安裝 rclone（官方 zip，與 Dockerfile 相同版本與 sha256）	2026-09-26T08:44:51.9615511Z shell: /usr/bin/bash -e {0}
run	安裝 rclone（官方 zip，與 Dockerfile 相同版本與 sha256）	2026-09-26T08:44:51.9616100Z ##[endgroup]
run	安裝 rclone（官方 zip，與 Dockerfile 相同版本與 sha256）	2026-09-26T08:44:55.6826450Z /tmp/rclone.zip: OK
run	安裝 rclone（官方 zip，與 Dockerfile 相同版本與 sha256）	2026-09-26T08:44:56.3637022Z --- 版本 ---
run	安裝 rclone（官方 zip，與 Dockerfile 相同版本與 sha256）	2026-09-26T08:44:56.4052669Z rclone v1.75.1
run	寫入 rclone conf（從 secret，不印出）	﻿2026-09-26T08:44:56.4132706Z ##[group]Run set -euo pipefail
run	寫入 rclone conf（從 secret，不印出）	2026-09-26T08:44:56.4133192Z ^[[36;1mset -euo pipefail^[[0m
run	寫入 rclone conf（從 secret，不印出）	2026-09-26T08:44:56.4133553Z ^[[36;1mmkdir -p "$HOME/.config/rclone"^[[0m
run	寫入 rclone conf（從 secret，不印出）	2026-09-26T08:44:56.4133915Z ^[[36;1mumask 077^[[0m
run	寫入 rclone conf（從 secret，不印出）	2026-09-26T08:44:56.4134315Z ^[[36;1mprintf '%s' "$RCLONE_CONF" > "$HOME/.config/rclone/rclone.conf"^[[0m
run	寫入 rclone conf（從 secret，不印出）	2026-09-26T08:44:56.4134808Z ^[[36;1mchmod 600 "$HOME/.config/rclone/rclone.conf"^[[0m
run	寫入 rclone conf（從 secret，不印出）	2026-09-26T08:44:56.4135301Z ^[[36;1mecho "conf 已寫入（$HOME/.config/rclone/rclone.conf）；不印內容"^[[0m
run	寫入 rclone conf（從 secret，不印出）	2026-09-26T08:44:56.4135827Z ^[[36;1mrclone lsf gdrive: >/dev/null && echo "rclone 列出 repo 根目錄：ok"^[[0m
run	寫入 rclone conf（從 secret，不印出）	2026-09-26T08:44:56.4175107Z shell: /usr/bin/bash -e {0}
run	寫入 rclone conf（從 secret，不印出）	2026-09-26T08:44:56.4175509Z env:
run	寫入 rclone conf（從 secret，不印出）	2026-09-26T08:44:56.4178692Z   RCLONE_CONF: ***
run	寫入 rclone conf（從 secret，不印出）	2026-09-26T08:44:56.4179020Z ##[endgroup]
run	寫入 rclone conf（從 secret，不印出）	2026-09-26T08:44:56.4260877Z conf 已寫入（/home/runner/.config/rclone/rclone.conf）；不印內容
run	寫入 rclone conf（從 secret，不印出）	2026-09-26T08:44:56.8822119Z rclone 列出 repo 根目錄：ok
run	git 身分	﻿2026-09-26T08:44:56.8857350Z ##[group]Run git config --global user.email 'spike@aistorage.invalid'
run	git 身分	2026-09-26T08:44:56.8858005Z ^[[36;1mgit config --global user.email 'spike@aistorage.invalid'^[[0m
run	git 身分	2026-09-26T08:44:56.8858565Z ^[[36;1mgit config --global user.name 'aistorage-spike-runner'^[[0m
run	git 身分	2026-09-26T08:44:56.8896269Z shell: /usr/bin/bash -e {0}
run	git 身分	2026-09-26T08:44:56.8896628Z ##[endgroup]
run	Clone（歷史）與 annex get（內容）分開計時	﻿2026-09-26T08:44:56.9023545Z ##[group]Run set -euo pipefail
run	Clone（歷史）與 annex get（內容）分開計時	2026-09-26T08:44:56.9023943Z ^[[36;1mset -euo pipefail^[[0m
run	Clone（歷史）與 annex get（內容）分開計時	2026-09-26T08:44:56.9024318Z ^[[36;1m[ -n "$SPIKE_REPO_URL" ] || { echo "SPIKE_REPO_URL 未設"; exit 1; }^[[0m
run	Clone（歷史）與 annex get（內容）分開計時	2026-09-26T08:44:56.9024708Z ^[[36;1mt0=$(date +%s%3N)^[[0m
run	Clone（歷史）與 annex get（內容）分開計時	2026-09-26T08:44:56.9025016Z ^[[36;1mgit clone -b main "$SPIKE_REPO_URL" /tmp/wt^[[0m
run	Clone（歷史）與 annex get（內容）分開計時	2026-09-26T08:44:56.9025351Z ^[[36;1mt1=$(date +%s%3N)^[[0m
run	Clone（歷史）與 annex get（內容）分開計時	2026-09-26T08:44:56.9025687Z ^[[36;1mecho "clone（含 git 歷史與 GITBUNDLE 取回）：$((t1 - t0)) ms"^[[0m
run	Clone（歷史）與 annex get（內容）分開計時	2026-09-26T08:44:56.9026107Z ^[[36;1mecho "clone_ms=$((t1 - t0))" >> "$GITHUB_STEP_SUMMARY"^[[0m
run	Clone（歷史）與 annex get（內容）分開計時	2026-09-26T08:44:56.9026485Z ^[[36;1mgit -C /tmp/wt log --oneline | sed -n 1,3p^[[0m
run	Clone（歷史）與 annex get（內容）分開計時	2026-09-26T08:44:56.9026906Z ^[[36;1mecho "commit 數：$(git -C /tmp/wt rev-list --all --count)"^[[0m
run	Clone（歷史）與 annex get（內容）分開計時	2026-09-26T08:44:56.9027341Z ^[[36;1m(cd /tmp/wt && git annex init runner >/dev/null 2>&1 || true)^[[0m
run	Clone（歷史）與 annex get（內容）分開計時	2026-09-26T08:44:56.9027707Z ^[[36;1mt2=$(date +%s%3N)^[[0m
run	Clone（歷史）與 annex get（內容）分開計時	2026-09-26T08:44:56.9027990Z ^[[36;1mgit -C /tmp/wt annex get . || true^[[0m
run	Clone（歷史）與 annex get（內容）分開計時	2026-09-26T08:44:56.9028340Z ^[[36;1mt3=$(date +%s%3N)^[[0m
run	Clone（歷史）與 annex get（內容）分開計時	2026-09-26T08:44:56.9028644Z ^[[36;1mecho "annex get（annex 物件內容）：$((t3 - t2)) ms"^[[0m
run	Clone（歷史）與 annex get（內容）分開計時	2026-09-26T08:44:56.9029039Z ^[[36;1mecho "annex_get_ms=$((t3 - t2))" >> "$GITHUB_STEP_SUMMARY"^[[0m
run	Clone（歷史）與 annex get（內容）分開計時	2026-09-26T08:44:56.9029427Z ^[[36;1mecho "工作樹檔案 sha256（前 5 個大檔）："^[[0m
run	Clone（歷史）與 annex get（內容）分開計時	2026-09-26T08:44:56.9029909Z ^[[36;1mfind /tmp/wt -maxdepth 2 -type f -not -path '*/.git/*' -size +100k | head -5 | while read -r f; do^[[0m
run	Clone（歷史）與 annex get（內容）分開計時	2026-09-26T08:44:56.9030387Z ^[[36;1m  sha256sum "$f"^[[0m
run	Clone（歷史）與 annex get（內容）分開計時	2026-09-26T08:44:56.9030646Z ^[[36;1mdone^[[0m
run	Clone（歷史）與 annex get（內容）分開計時	2026-09-26T08:44:56.9067599Z shell: /usr/bin/bash -e {0}
run	Clone（歷史）與 annex get（內容）分開計時	2026-09-26T08:44:56.9067955Z env:
run	Clone（歷史）與 annex get（內容）分開計時	2026-09-26T08:44:56.9069072Z   SPIKE_REPO_URL: annex::915a333b-2996-4d85-9430-14a608e61b7e?encryption=none&type=rclone&rcloneremotename=gdrive&rcloneprefix=agora-basic
run	Clone（歷史）與 annex get（內容）分開計時	2026-09-26T08:44:56.9069713Z ##[endgroup]
run	Clone（歷史）與 annex get（內容）分開計時	2026-09-26T08:44:56.9152670Z Cloning into '/tmp/wt'...
run	Clone（歷史）與 annex get（內容）分開計時	2026-09-26T08:45:11.3690995Z clone（含 git 歷史與 GITBUNDLE 取回）：14455 ms
run	Clone（歷史）與 annex get（內容）分開計時	2026-09-26T08:45:11.3727011Z a1c572c other writer push
run	Clone（歷史）與 annex get（內容）分開計時	2026-09-26T08:45:11.3727699Z 1bb0304 tick
run	Clone（歷史）與 annex get（內容）分開計時	2026-09-26T08:45:11.3728000Z ebdca4d big files for interrupt test
run	Clone（歷史）與 annex get（內容）分開計時	2026-09-26T08:45:11.3764511Z commit 數：20
run	Clone（歷史）與 annex get（內容）分開計時	2026-09-26T08:45:11.5622717Z get big-1.bin (from origin...) 
run	Clone（歷史）與 annex get（內容）分開計時	2026-09-26T08:45:13.3578624Z 
run	Clone（歷史）與 annex get（內容）分開計時	2026-09-26T08:45:13.3581133Z 
run	Clone（歷史）與 annex get（內容）分開計時	2026-09-26T08:45:13.3899693Z (checksum...) ok
run	Clone（歷史）與 annex get（內容）分開計時	2026-09-26T08:45:13.3913545Z get big-2.bin (from origin...) 
run	Clone（歷史）與 annex get（內容）分開計時	2026-09-26T08:45:20.4336427Z 
run	Clone（歷史）與 annex get（內容）分開計時	2026-09-26T08:45:20.4362620Z 
run	Clone（歷史）與 annex get（內容）分開計時	2026-09-26T08:45:20.4521535Z (checksum...) ok
run	Clone（歷史）與 annex get（內容）分開計時	2026-09-26T08:45:20.4523603Z get big-3.bin (from origin...) 
run	Clone（歷史）與 annex get（內容）分開計時	2026-09-26T08:45:25.2736304Z 
run	Clone（歷史）與 annex get（內容）分開計時	2026-09-26T08:45:25.2762556Z 
run	Clone（歷史）與 annex get（內容）分開計時	2026-09-26T08:45:25.2892696Z (checksum...) ok
run	Clone（歷史）與 annex get（內容）分開計時	2026-09-26T08:45:25.2907058Z (recording state in git...)
run	Clone（歷史）與 annex get（內容）分開計時	2026-09-26T08:45:25.3690662Z annex get（annex 物件內容）：13852 ms
run	Clone（歷史）與 annex get（內容）分開計時	2026-09-26T08:45:25.3692631Z 工作樹檔案 sha256（前 5 個大檔）：
run	Clone（歷史）與 annex get（內容）分開計時	2026-09-26T08:45:25.3772720Z 2fabae7607c063e6f076d020875c54488ede914ac51e13dacfc422d7402d4bb5  /tmp/wt/big-1.bin
run	Clone（歷史）與 annex get（內容）分開計時	2026-09-26T08:45:25.3831184Z 36344abcbcea0c1da3e814e571e396edb7262a30913393e3a7d7c81970d8ee6e  /tmp/wt/big-3.bin
run	Clone（歷史）與 annex get（內容）分開計時	2026-09-26T08:45:25.3884292Z 01f5d8ac9742dadf657d837ebee0b11837b161ebbc348018635b1a5a00f3fc3a  /tmp/wt/big-2.bin
run	時間終點	﻿2026-09-26T08:45:25.3958043Z ##[group]Run echo "END_UTC=$(date -u +%Y-%m-%dT%H:%M:%S.%3NZ)" | tee -a "$GITHUB_STEP_SUMMARY"
run	時間終點	2026-09-26T08:45:25.3958682Z ^[[36;1mecho "END_UTC=$(date -u +%Y-%m-%dT%H:%M:%S.%3NZ)" | tee -a "$GITHUB_STEP_SUMMARY"^[[0m
run	時間終點	2026-09-26T08:45:25.3993966Z shell: /usr/bin/bash -e {0}
run	時間終點	2026-09-26T08:45:25.3994271Z ##[endgroup]
run	時間終點	2026-09-26T08:45:25.4061647Z END_UTC=2026-09-26T08:45:25.405Z
run	Complete job	﻿2026-09-26T08:45:25.4156837Z Cleaning up orphan processes
